build src/native/host_observer_v1.cpp
build src/native/observer_v1_config_codec.cpp
build native_s4_attribution_contract.cpp
build native_s4_v6_contract.cpp
build src/native/s4_v6_complex.cpp
build src/native/s4_v6_controller.cpp
build src/native/observer_v1_dispatch.cpp
build src/native/observer_v1.cpp
build src/native/observer_v1_world.cpp
build src/native/combat.cpp
build src/native/spatial.cpp
build src/native/observer_v1_combat_rules.cpp
build src/native/observer_v1_abilities.cpp
build src/native/player.cpp
build src/native/formation.cpp
build src/native/formation_tables.cpp
build src/native/commander.cpp
build src/native/targeting.cpp
build src/native/coord_abilities.cpp
build src/native/observer_v1_dodge.cpp
build src/native/decisions.cpp
build src/native/director.cpp
build src/native/network.cpp
build src/native/network_tables.cpp
build src/native/search.cpp
build src/native/artillery_prediction.cpp
build src/native/artillery.cpp
build src/native/api.cpp
build src/native/controller.cpp
build src/native/controller_bridge.cpp
build src/native/s3_controller.cpp
build src/native/s3_diagnostics.cpp
{"binary_sha256": "645da471831bcf7aa8caa08cfc0e0a3199c80555fd6a623e8d1362a7d664d09a", "elapsed_seconds": 54.623741333}
