[observer-v1-gun-assault 60560b2] Add observer-only killer telemetry and descriptive gun-assault diagnostic
 Committer: new <new@MacBook-Pro-new.local>
Your name and email address were configured automatically based
on your username and hostname. Please check that they are accurate.
You can suppress this message by setting them explicitly. Run the
following command and follow the instructions in your editor to edit
your configuration file:

    git config --global --edit

After doing this, you may fix the identity used for this commit with:

    git commit --amend --reset-author

 163 files changed, 1028916 insertions(+)
 create mode 100644 evidence/tactical_composition_demo/astelia_cpp/S4_GUN_ASSAULT_DIAGNOSTIC.md
 create mode 100644 evidence/tactical_composition_demo/astelia_cpp/build_observer_v1.py
 create mode 100644 evidence/tactical_composition_demo/astelia_cpp/s4_gun_assault_20261007/ANALYSIS_VERIFICATION.json
 create mode 100644 evidence/tactical_composition_demo/astelia_cpp/s4_gun_assault_20261007/CHECK_TIMING.json
 create mode 100644 evidence/tactical_composition_demo/astelia_cpp/s4_gun_assault_20261007/FAILED_FIRST_CHECK_TIMING.json
 create mode 100644 evidence/tactical_composition_demo/astelia_cpp/s4_gun_assault_20261007/FAILED_PREPARE.json
 create mode 100644 evidence/tactical_composition_demo/astelia_cpp/s4_gun_assault_20261007/FIGHTS.json
 create mode 100644 evidence/tactical_composition_demo/astelia_cpp/s4_gun_assault_20261007/GIT_WRITABILITY.json
 create mode 100644 evidence/tactical_composition_demo/astelia_cpp/s4_gun_assault_20261007/HISTORICAL_CONTRACTS.json
 create mode 100644 evidence/tactical_composition_demo/astelia_cpp/s4_gun_assault_20261007/INPUT_IDENTITY.json
 create mode 100644 evidence/tactical_composition_demo/astelia_cpp/s4_gun_assault_20261007/OWNER_RECHECK.md
 create mode 100644 evidence/tactical_composition_demo/astelia_cpp/s4_gun_assault_20261007/PARITY.json
 create mode 100644 evidence/tactical_composition_demo/astelia_cpp/s4_gun_assault_20261007/PARITY_CASES.json
 create mode 100644 evidence/tactical_composition_demo/astelia_cpp/s4_gun_assault_20261007/PLAN_AND_REVIEW.md
 create mode 100644 evidence/tactical_composition_demo/astelia_cpp/s4_gun_assault_20261007/POST_REVIEW_IDENTITY.json
 create mode 100644 evidence/tactical_composition_demo/astelia_cpp/s4_gun_assault_20261007/RAW_FILES_LOCAL.json
 create mode 100644 evidence/tactical_composition_demo/astelia_cpp/s4_gun_assault_20261007/README.md
 create mode 100644 evidence/tactical_composition_demo/astelia_cpp/s4_gun_assault_20261007/REPORT_RENDER.json
 create mode 100644 evidence/tactical_composition_demo/astelia_cpp/s4_gun_assault_20261007/REPORT_RENDER_CORRECTION.json
 create mode 100644 evidence/tactical_composition_demo/astelia_cpp/s4_gun_assault_20261007/REVIEW_BUILD_IDENTITIES.json
 create mode 100644 evidence/tactical_composition_demo/astelia_cpp/s4_gun_assault_20261007/REVIEW_VERIFICATION.json
 create mode 100644 evidence/tactical_composition_demo/astelia_cpp/s4_gun_assault_20261007/REVIEW_identities.py
 create mode 100644 evidence/tactical_composition_demo/astelia_cpp/s4_gun_assault_20261007/REVIEW_verify.py
 create mode 100644 evidence/tactical_composition_demo/astelia_cpp/s4_gun_assault_20261007/RUN_START.json
 create mode 100644 evidence/tactical_composition_demo/astelia_cpp/s4_gun_assault_20261007/RUN_TIMING.json
 create mode 100644 evidence/tactical_composition_demo/astelia_cpp/s4_gun_assault_20261007/SOURCE_RECHECK.md
 create mode 100644 evidence/tactical_composition_demo/astelia_cpp/s4_gun_assault_20261007/SUMMARY.json
 create mode 100644 evidence/tactical_composition_demo/astelia_cpp/s4_gun_assault_20261007/analyze.py
 create mode 100644 evidence/tactical_composition_demo/astelia_cpp/s4_gun_assault_20261007/common.py
 create mode 100644 evidence/tactical_composition_demo/astelia_cpp/s4_gun_assault_20261007/deliver.py
 create mode 100644 evidence/tactical_composition_demo/astelia_cpp/s4_gun_assault_20261007/finalize_report.py
 create mode 100644 evidence/tactical_composition_demo/astelia_cpp/s4_gun_assault_20261007/report.py
 create mode 100644 evidence/tactical_composition_demo/astelia_cpp/s4_gun_assault_20261007/run.py
 create mode 100644 evidence/tactical_composition_demo/astelia_cpp/s4_gun_assault_20261007/v5_resonator_novice_c00_o0_summary.json
 create mode 100644 evidence/tactical_composition_demo/astelia_cpp/s4_gun_assault_20261007/v5_resonator_novice_c00_o1_summary.json
 create mode 100644 evidence/tactical_composition_demo/astelia_cpp/s4_gun_assault_20261007/v5_resonator_novice_c01_o0_summary.json
 create mode 100644 evidence/tactical_composition_demo/astelia_cpp/s4_gun_assault_20261007/v5_resonator_novice_c01_o1_summary.json
 create mode 100644 evidence/tactical_composition_demo/astelia_cpp/s4_gun_assault_20261007/v5_resonator_novice_c02_o0_summary.json
 create mode 100644 evidence/tactical_composition_demo/astelia_cpp/s4_gun_assault_20261007/v5_resonator_novice_c02_o1_summary.json
 create mode 100644 evidence/tactical_composition_demo/astelia_cpp/s4_gun_assault_20261007/v5_resonator_novice_c03_o0_summary.json
 create mode 100644 evidence/tactical_composition_demo/astelia_cpp/s4_gun_assault_20261007/v5_resonator_novice_c03_o1_summary.json
 create mode 100644 evidence/tactical_composition_demo/astelia_cpp/s4_gun_assault_20261007/v5_resonator_novice_c04_o0_summary.json
 create mode 100644 evidence/tactical_composition_demo/astelia_cpp/s4_gun_assault_20261007/v5_resonator_novice_c04_o1_summary.json
 create mode 100644 evidence/tactical_composition_demo/astelia_cpp/s4_gun_assault_20261007/v5_resonator_novice_c05_o0_summary.json
 create mode 100644 evidence/tactical_composition_demo/astelia_cpp/s4_gun_assault_20261007/v5_resonator_novice_c05_o1_summary.json
 create mode 100644 evidence/tactical_composition_demo/astelia_cpp/s4_gun_assault_20261007/v5_resonator_novice_c06_o0_summary.json
 create mode 100644 evidence/tactical_composition_demo/astelia_cpp/s4_gun_assault_20261007/v5_resonator_novice_c06_o1_summary.json
 create mode 100644 evidence/tactical_composition_demo/astelia_cpp/s4_gun_assault_20261007/v5_resonator_novice_c07_o0_summary.json
 create mode 100644 evidence/tactical_composition_demo/astelia_cpp/s4_gun_assault_20261007/v5_resonator_novice_c07_o1_summary.json
 create mode 100644 evidence/tactical_composition_demo/astelia_cpp/s4_gun_assault_20261007/v5_resonator_novice_c08_o0_summary.json
 create mode 100644 evidence/tactical_composition_demo/astelia_cpp/s4_gun_assault_20261007/v5_resonator_novice_c08_o1_summary.json
 create mode 100644 evidence/tactical_composition_demo/astelia_cpp/s4_gun_assault_20261007/v5_resonator_novice_c09_o0_summary.json
 create mode 100644 evidence/tactical_composition_demo/astelia_cpp/s4_gun_assault_20261007/v5_resonator_novice_c09_o1_summary.json
 create mode 100644 evidence/tactical_composition_demo/astelia_cpp/s4_gun_assault_20261007/v5_resonator_regular_c00_o0_summary.json
 create mode 100644 evidence/tactical_composition_demo/astelia_cpp/s4_gun_assault_20261007/v5_resonator_regular_c00_o1_summary.json
 create mode 100644 evidence/tactical_composition_demo/astelia_cpp/s4_gun_assault_20261007/v5_resonator_regular_c01_o0_summary.json
 create mode 100644 evidence/tactical_composition_demo/astelia_cpp/s4_gun_assault_20261007/v5_resonator_regular_c01_o1_summary.json
 create mode 100644 evidence/tactical_composition_demo/astelia_cpp/s4_gun_assault_20261007/v5_resonator_regular_c02_o0_summary.json
 create mode 100644 evidence/tactical_composition_demo/astelia_cpp/s4_gun_assault_20261007/v5_resonator_regular_c02_o1_summary.json
 create mode 100644 evidence/tactical_composition_demo/astelia_cpp/s4_gun_assault_20261007/v5_resonator_regular_c03_o0_summary.json
 create mode 100644 evidence/tactical_composition_demo/astelia_cpp/s4_gun_assault_20261007/v5_resonator_regular_c03_o1_summary.json
 create mode 100644 evidence/tactical_composition_demo/astelia_cpp/s4_gun_assault_20261007/v5_resonator_regular_c04_o0_summary.json
 create mode 100644 evidence/tactical_composition_demo/astelia_cpp/s4_gun_assault_20261007/v5_resonator_regular_c04_o1_summary.json
 create mode 100644 evidence/tactical_composition_demo/astelia_cpp/s4_gun_assault_20261007/v5_resonator_regular_c05_o0_summary.json
 create mode 100644 evidence/tactical_composition_demo/astelia_cpp/s4_gun_assault_20261007/v5_resonator_regular_c05_o1_summary.json
 create mode 100644 evidence/tactical_composition_demo/astelia_cpp/s4_gun_assault_20261007/v5_resonator_regular_c06_o0_summary.json
 create mode 100644 evidence/tactical_composition_demo/astelia_cpp/s4_gun_assault_20261007/v5_resonator_regular_c06_o1_summary.json
 create mode 100644 evidence/tactical_composition_demo/astelia_cpp/s4_gun_assault_20261007/v5_resonator_regular_c07_o0_summary.json
 create mode 100644 evidence/tactical_composition_demo/astelia_cpp/s4_gun_assault_20261007/v5_resonator_regular_c07_o1_summary.json
 create mode 100644 evidence/tactical_composition_demo/astelia_cpp/s4_gun_assault_20261007/v5_resonator_regular_c08_o0_summary.json
 create mode 100644 evidence/tactical_composition_demo/astelia_cpp/s4_gun_assault_20261007/v5_resonator_regular_c08_o1_summary.json
 create mode 100644 evidence/tactical_composition_demo/astelia_cpp/s4_gun_assault_20261007/v5_resonator_regular_c09_o0_summary.json
 create mode 100644 evidence/tactical_composition_demo/astelia_cpp/s4_gun_assault_20261007/v5_resonator_regular_c09_o1_summary.json
 create mode 100644 evidence/tactical_composition_demo/astelia_cpp/s4_gun_assault_20261007/v6_morale_novice_c00_o0_summary.json
 create mode 100644 evidence/tactical_composition_demo/astelia_cpp/s4_gun_assault_20261007/v6_morale_novice_c00_o1_summary.json
 create mode 100644 evidence/tactical_composition_demo/astelia_cpp/s4_gun_assault_20261007/v6_morale_novice_c01_o0_summary.json
 create mode 100644 evidence/tactical_composition_demo/astelia_cpp/s4_gun_assault_20261007/v6_morale_novice_c01_o1_summary.json
 create mode 100644 evidence/tactical_composition_demo/astelia_cpp/s4_gun_assault_20261007/v6_morale_novice_c02_o0_summary.json
 create mode 100644 evidence/tactical_composition_demo/astelia_cpp/s4_gun_assault_20261007/v6_morale_novice_c02_o1_summary.json
 create mode 100644 evidence/tactical_composition_demo/astelia_cpp/s4_gun_assault_20261007/v6_morale_novice_c03_o0_summary.json
 create mode 100644 evidence/tactical_composition_demo/astelia_cpp/s4_gun_assault_20261007/v6_morale_novice_c03_o1_summary.json
 create mode 100644 evidence/tactical_composition_demo/astelia_cpp/s4_gun_assault_20261007/v6_morale_novice_c04_o0_summary.json
 create mode 100644 evidence/tactical_composition_demo/astelia_cpp/s4_gun_assault_20261007/v6_morale_novice_c04_o1_summary.json
 create mode 100644 evidence/tactical_composition_demo/astelia_cpp/s4_gun_assault_20261007/v6_morale_novice_c05_o0_summary.json
 create mode 100644 evidence/tactical_composition_demo/astelia_cpp/s4_gun_assault_20261007/v6_morale_novice_c05_o1_summary.json
 create mode 100644 evidence/tactical_composition_demo/astelia_cpp/s4_gun_assault_20261007/v6_morale_novice_c06_o0_summary.json
 create mode 100644 evidence/tactical_composition_demo/astelia_cpp/s4_gun_assault_20261007/v6_morale_novice_c06_o1_summary.json
 create mode 100644 evidence/tactical_composition_demo/astelia_cpp/s4_gun_assault_20261007/v6_morale_novice_c07_o0_summary.json
 create mode 100644 evidence/tactical_composition_demo/astelia_cpp/s4_gun_assault_20261007/v6_morale_novice_c07_o1_summary.json
 create mode 100644 evidence/tactical_composition_demo/astelia_cpp/s4_gun_assault_20261007/v6_morale_novice_c08_o0_summary.json
 create mode 100644 evidence/tactical_composition_demo/astelia_cpp/s4_gun_assault_20261007/v6_morale_novice_c08_o1_summary.json
 create mode 100644 evidence/tactical_composition_demo/astelia_cpp/s4_gun_assault_20261007/v6_morale_novice_c09_o0_summary.json
 create mode 100644 evidence/tactical_composition_demo/astelia_cpp/s4_gun_assault_20261007/v6_morale_novice_c09_o1_summary.json
 create mode 100644 evidence/tactical_composition_demo/astelia_cpp/s4_gun_assault_20261007/v6_morale_regular_c00_o0_summary.json
 create mode 100644 evidence/tactical_composition_demo/astelia_cpp/s4_gun_assault_20261007/v6_morale_regular_c00_o1_summary.json
 create mode 100644 evidence/tactical_composition_demo/astelia_cpp/s4_gun_assault_20261007/v6_morale_regular_c01_o0_summary.json
 create mode 100644 evidence/tactical_composition_demo/astelia_cpp/s4_gun_assault_20261007/v6_morale_regular_c01_o1_summary.json
 create mode 100644 evidence/tactical_composition_demo/astelia_cpp/s4_gun_assault_20261007/v6_morale_regular_c02_o0_summary.json
 create mode 100644 evidence/tactical_composition_demo/astelia_cpp/s4_gun_assault_20261007/v6_morale_regular_c02_o1_summary.json
 create mode 100644 evidence/tactical_composition_demo/astelia_cpp/s4_gun_assault_20261007/v6_morale_regular_c03_o0_summary.json
 create mode 100644 evidence/tactical_composition_demo/astelia_cpp/s4_gun_assault_20261007/v6_morale_regular_c03_o1_summary.json
 create mode 100644 evidence/tactical_composition_demo/astelia_cpp/s4_gun_assault_20261007/v6_morale_regular_c04_o0_summary.json
 create mode 100644 evidence/tactical_composition_demo/astelia_cpp/s4_gun_assault_20261007/v6_morale_regular_c04_o1_summary.json
 create mode 100644 evidence/tactical_composition_demo/astelia_cpp/s4_gun_assault_20261007/v6_morale_regular_c05_o0_summary.json
 create mode 100644 evidence/tactical_composition_demo/astelia_cpp/s4_gun_assault_20261007/v6_morale_regular_c05_o1_summary.json
 create mode 100644 evidence/tactical_composition_demo/astelia_cpp/s4_gun_assault_20261007/v6_morale_regular_c06_o0_summary.json
 create mode 100644 evidence/tactical_composition_demo/astelia_cpp/s4_gun_assault_20261007/v6_morale_regular_c06_o1_summary.json
 create mode 100644 evidence/tactical_composition_demo/astelia_cpp/s4_gun_assault_20261007/v6_morale_regular_c07_o0_summary.json
 create mode 100644 evidence/tactical_composition_demo/astelia_cpp/s4_gun_assault_20261007/v6_morale_regular_c07_o1_summary.json
 create mode 100644 evidence/tactical_composition_demo/astelia_cpp/s4_gun_assault_20261007/v6_morale_regular_c08_o0_summary.json
 create mode 100644 evidence/tactical_composition_demo/astelia_cpp/s4_gun_assault_20261007/v6_morale_regular_c08_o1_summary.json
 create mode 100644 evidence/tactical_composition_demo/astelia_cpp/s4_gun_assault_20261007/v6_morale_regular_c09_o0_summary.json
 create mode 100644 evidence/tactical_composition_demo/astelia_cpp/s4_gun_assault_20261007/v6_morale_regular_c09_o1_summary.json
 create mode 100644 evidence/tactical_composition_demo/astelia_cpp/s4_gun_assault_20261007/v6_resonator_novice_c00_o0_summary.json
 create mode 100644 evidence/tactical_composition_demo/astelia_cpp/s4_gun_assault_20261007/v6_resonator_novice_c00_o1_summary.json
 create mode 100644 evidence/tactical_composition_demo/astelia_cpp/s4_gun_assault_20261007/v6_resonator_novice_c01_o0_summary.json
 create mode 100644 evidence/tactical_composition_demo/astelia_cpp/s4_gun_assault_20261007/v6_resonator_novice_c01_o1_summary.json
 create mode 100644 evidence/tactical_composition_demo/astelia_cpp/s4_gun_assault_20261007/v6_resonator_novice_c02_o0_summary.json
 create mode 100644 evidence/tactical_composition_demo/astelia_cpp/s4_gun_assault_20261007/v6_resonator_novice_c02_o1_summary.json
 create mode 100644 evidence/tactical_composition_demo/astelia_cpp/s4_gun_assault_20261007/v6_resonator_novice_c03_o0_summary.json
 create mode 100644 evidence/tactical_composition_demo/astelia_cpp/s4_gun_assault_20261007/v6_resonator_novice_c03_o1_summary.json
 create mode 100644 evidence/tactical_composition_demo/astelia_cpp/s4_gun_assault_20261007/v6_resonator_novice_c04_o0_summary.json
 create mode 100644 evidence/tactical_composition_demo/astelia_cpp/s4_gun_assault_20261007/v6_resonator_novice_c04_o1_summary.json
 create mode 100644 evidence/tactical_composition_demo/astelia_cpp/s4_gun_assault_20261007/v6_resonator_novice_c05_o0_summary.json
 create mode 100644 evidence/tactical_composition_demo/astelia_cpp/s4_gun_assault_20261007/v6_resonator_novice_c05_o1_summary.json
 create mode 100644 evidence/tactical_composition_demo/astelia_cpp/s4_gun_assault_20261007/v6_resonator_novice_c06_o0_summary.json
 create mode 100644 evidence/tactical_composition_demo/astelia_cpp/s4_gun_assault_20261007/v6_resonator_novice_c06_o1_summary.json
 create mode 100644 evidence/tactical_composition_demo/astelia_cpp/s4_gun_assault_20261007/v6_resonator_novice_c07_o0_summary.json
 create mode 100644 evidence/tactical_composition_demo/astelia_cpp/s4_gun_assault_20261007/v6_resonator_novice_c07_o1_summary.json
 create mode 100644 evidence/tactical_composition_demo/astelia_cpp/s4_gun_assault_20261007/v6_resonator_novice_c08_o0_summary.json
 create mode 100644 evidence/tactical_composition_demo/astelia_cpp/s4_gun_assault_20261007/v6_resonator_novice_c08_o1_summary.json
 create mode 100644 evidence/tactical_composition_demo/astelia_cpp/s4_gun_assault_20261007/v6_resonator_novice_c09_o0_summary.json
 create mode 100644 evidence/tactical_composition_demo/astelia_cpp/s4_gun_assault_20261007/v6_resonator_novice_c09_o1_summary.json
 create mode 100644 evidence/tactical_composition_demo/astelia_cpp/s4_gun_assault_20261007/v6_resonator_regular_c00_o0_summary.json
 create mode 100644 evidence/tactical_composition_demo/astelia_cpp/s4_gun_assault_20261007/v6_resonator_regular_c00_o1_summary.json
 create mode 100644 evidence/tactical_composition_demo/astelia_cpp/s4_gun_assault_20261007/v6_resonator_regular_c01_o0_summary.json
 create mode 100644 evidence/tactical_composition_demo/astelia_cpp/s4_gun_assault_20261007/v6_resonator_regular_c01_o1_summary.json
 create mode 100644 evidence/tactical_composition_demo/astelia_cpp/s4_gun_assault_20261007/v6_resonator_regular_c02_o0_summary.json
 create mode 100644 evidence/tactical_composition_demo/astelia_cpp/s4_gun_assault_20261007/v6_resonator_regular_c02_o1_summary.json
 create mode 100644 evidence/tactical_composition_demo/astelia_cpp/s4_gun_assault_20261007/v6_resonator_regular_c03_o0_summary.json
 create mode 100644 evidence/tactical_composition_demo/astelia_cpp/s4_gun_assault_20261007/v6_resonator_regular_c03_o1_summary.json
 create mode 100644 evidence/tactical_composition_demo/astelia_cpp/s4_gun_assault_20261007/v6_resonator_regular_c04_o0_summary.json
 create mode 100644 evidence/tactical_composition_demo/astelia_cpp/s4_gun_assault_20261007/v6_resonator_regular_c04_o1_summary.json
 create mode 100644 evidence/tactical_composition_demo/astelia_cpp/s4_gun_assault_20261007/v6_resonator_regular_c05_o0_summary.json
 create mode 100644 evidence/tactical_composition_demo/astelia_cpp/s4_gun_assault_20261007/v6_resonator_regular_c05_o1_summary.json
 create mode 100644 evidence/tactical_composition_demo/astelia_cpp/s4_gun_assault_20261007/v6_resonator_regular_c06_o0_summary.json
 create mode 100644 evidence/tactical_composition_demo/astelia_cpp/s4_gun_assault_20261007/v6_resonator_regular_c06_o1_summary.json
 create mode 100644 evidence/tactical_composition_demo/astelia_cpp/s4_gun_assault_20261007/v6_resonator_regular_c07_o0_summary.json
 create mode 100644 evidence/tactical_composition_demo/astelia_cpp/s4_gun_assault_20261007/v6_resonator_regular_c07_o1_summary.json
 create mode 100644 evidence/tactical_composition_demo/astelia_cpp/s4_gun_assault_20261007/v6_resonator_regular_c08_o0_summary.json
 create mode 100644 evidence/tactical_composition_demo/astelia_cpp/s4_gun_assault_20261007/v6_resonator_regular_c08_o1_summary.json
 create mode 100644 evidence/tactical_composition_demo/astelia_cpp/s4_gun_assault_20261007/v6_resonator_regular_c09_o0_summary.json
 create mode 100644 evidence/tactical_composition_demo/astelia_cpp/s4_gun_assault_20261007/v6_resonator_regular_c09_o1_summary.json
 create mode 100644 evidence/tactical_composition_demo/astelia_cpp/src/native/host_observer_v1.cpp
 create mode 100644 evidence/tactical_composition_demo/astelia_cpp/src/native/observer_v1.cpp
 create mode 100644 evidence/tactical_composition_demo/astelia_cpp/src/native/observer_v1.h
 create mode 100644 evidence/tactical_composition_demo/astelia_cpp/src/native/observer_v1_abilities.cpp
 create mode 100644 evidence/tactical_composition_demo/astelia_cpp/src/native/observer_v1_combat_rules.cpp
 create mode 100644 evidence/tactical_composition_demo/astelia_cpp/src/native/observer_v1_config_codec.cpp
 create mode 100644 evidence/tactical_composition_demo/astelia_cpp/src/native/observer_v1_dispatch.cpp
 create mode 100644 evidence/tactical_composition_demo/astelia_cpp/src/native/observer_v1_dodge.cpp
 create mode 100644 evidence/tactical_composition_demo/astelia_cpp/src/native/observer_v1_world.cpp
 create mode 100644 evidence/tactical_composition_demo/astelia_cpp/test_observer_v1.py
