[v6-development fe5b5f2] Report single 0g v6 A/B development and owner recheck
 Committer: new <new@MacBook-Pro-new.local>
Your name and email address were configured automatically based
on your username and hostname. Please check that they are accurate.
You can suppress this message by setting them explicitly. Run the
following command and follow the instructions in your editor to edit
your configuration file:

    git config --global --edit

After doing this, you may fix the identity used for this commit with:

    git commit --amend --reset-author

 24 files changed, 1501 insertions(+), 8 deletions(-)
 create mode 100644 evidence/tactical_composition_demo/astelia_cpp/S4_V6_DEVELOPMENT_REPORT.md
 create mode 100644 evidence/tactical_composition_demo/astelia_cpp/result_cache_v6.py
 create mode 100644 evidence/tactical_composition_demo/astelia_cpp/result_schema_v6.py
 create mode 100644 evidence/tactical_composition_demo/astelia_cpp/s4_v6_cache_repair.py
 create mode 100644 evidence/tactical_composition_demo/astelia_cpp/s4_v6_checks/LAUNCH.json
 create mode 100644 evidence/tactical_composition_demo/astelia_cpp/s4_v6_checks/LEDGER_USED.json
 create mode 100644 evidence/tactical_composition_demo/astelia_cpp/s4_v6_checks/LOAD_SUMMARY.json
 create mode 100644 evidence/tactical_composition_demo/astelia_cpp/s4_v6_checks/OWNER_RECHECK.md
 create mode 100644 evidence/tactical_composition_demo/astelia_cpp/s4_v6_checks/PART1_DELIVERY.json
 create mode 100644 evidence/tactical_composition_demo/astelia_cpp/s4_v6_checks/RAW_FILES_LOCAL.json
 create mode 100644 evidence/tactical_composition_demo/astelia_cpp/s4_v6_checks/REPORT_AUDIT.json
 create mode 100644 evidence/tactical_composition_demo/astelia_cpp/s4_v6_checks/REPORT_IDENTITY.json
 create mode 100644 evidence/tactical_composition_demo/astelia_cpp/s4_v6_checks/SUPERVISOR_TIMING.json
 create mode 100644 evidence/tactical_composition_demo/astelia_cpp/s4_v6_development_20261007_0233/RUN_TIMING.json
 create mode 100644 evidence/tactical_composition_demo/astelia_cpp/s4_v6_development_20261007_0233/failure.json
 create mode 100644 evidence/tactical_composition_demo/astelia_cpp/s4_v6_development_20261007_0233/run_identity.json
 create mode 100644 evidence/tactical_composition_demo/astelia_cpp/s4_v6_repair_checks/FAILED_LAUNCH_TEST_RESULT.json
 create mode 100644 evidence/tactical_composition_demo/astelia_cpp/s4_v6_repair_checks/FINAL_PRESERVATION.json
 create mode 100644 evidence/tactical_composition_demo/astelia_cpp/s4_v6_repair_checks/SOURCE_RECHECK.md
 create mode 100644 evidence/tactical_composition_demo/astelia_cpp/s4_v6_repair_checks/TEST_RESULT.json
 create mode 100644 evidence/tactical_composition_demo/astelia_cpp/test_s4_v6_cache_repair.py
