1/623 identical (12.51s); elapsed 0.2 min
2/623 identical (0.05s); elapsed 0.2 min
3/623 identical (0.01s); elapsed 0.2 min
4/623 identical (6.53s); elapsed 0.3 min
5/623 identical (5.91s); elapsed 0.4 min
6/623 identical (0.01s); elapsed 0.4 min
7/623 identical (0.00s); elapsed 0.4 min
8/623 identical (8.82s); elapsed 0.6 min
9/623 identical (9.08s); elapsed 0.7 min
10/623 identical (3.00s); elapsed 0.8 min
11/623 identical (2.71s); elapsed 0.8 min
12/623 identical (12.92s); elapsed 1.0 min
13/623 identical (7.90s); elapsed 1.2 min
14/623 identical (0.02s); elapsed 1.2 min
15/623 identical (0.01s); elapsed 1.2 min
16/623 identical (6.26s); elapsed 1.3 min
17/623 identical (5.62s); elapsed 1.4 min
18/623 identical (0.02s); elapsed 1.4 min
19/623 identical (0.01s); elapsed 1.4 min
20/623 identical (5.12s); elapsed 1.4 min
21/623 identical (10.59s); elapsed 1.6 min
22/623 identical (0.04s); elapsed 1.6 min
23/623 identical (0.00s); elapsed 1.6 min
24/623 identical (4.09s); elapsed 1.7 min
25/623 identical (4.41s); elapsed 1.8 min
26/623 identical (4.15s); elapsed 1.8 min
27/623 identical (3.75s); elapsed 1.9 min
28/623 identical (7.78s); elapsed 2.0 min
29/623 identical (7.13s); elapsed 2.1 min
30/623 identical (4.12s); elapsed 2.2 min
31/623 identical (4.16s); elapsed 2.3 min
32/623 identical (8.14s); elapsed 2.4 min
33/623 identical (8.65s); elapsed 2.6 min
34/623 identical (0.00s); elapsed 2.6 min
35/623 identical (0.00s); elapsed 2.6 min
36/623 identical (4.02s); elapsed 2.6 min
37/623 identical (2.61s); elapsed 2.7 min
38/623 identical (3.19s); elapsed 2.7 min
39/623 identical (3.15s); elapsed 2.8 min
40/623 identical (3.67s); elapsed 2.8 min
41/623 identical (4.40s); elapsed 2.9 min
42/623 identical (0.01s); elapsed 2.9 min
43/623 identical (0.01s); elapsed 2.9 min
44/623 identical (4.07s); elapsed 3.0 min
45/623 identical (4.23s); elapsed 3.0 min
46/623 identical (2.66s); elapsed 3.1 min
47/623 identical (2.62s); elapsed 3.1 min
48/623 identical (6.00s); elapsed 3.2 min
49/623 identical (6.04s); elapsed 3.3 min
50/623 identical (0.01s); elapsed 3.3 min
51/623 identical (0.01s); elapsed 3.3 min
52/623 identical (3.36s); elapsed 3.4 min
53/623 identical (3.21s); elapsed 3.4 min
54/623 identical (0.01s); elapsed 3.4 min
55/623 identical (0.01s); elapsed 3.4 min
56/623 identical (4.05s); elapsed 3.5 min
57/623 identical (4.12s); elapsed 3.6 min
58/623 identical (2.30s); elapsed 3.6 min
59/623 identical (2.45s); elapsed 3.7 min
60/623 identical (6.10s); elapsed 3.8 min
61/623 identical (2.64s); elapsed 3.8 min
62/623 identical (3.82s); elapsed 3.9 min
63/623 identical (3.84s); elapsed 3.9 min
64/623 identical (4.03s); elapsed 4.0 min
65/623 identical (4.23s); elapsed 4.1 min
66/623 identical (3.55s); elapsed 4.1 min
67/623 identical (3.70s); elapsed 4.2 min
68/623 identical (7.79s); elapsed 4.3 min
69/623 identical (6.00s); elapsed 4.4 min
70/623 identical (0.01s); elapsed 4.4 min
71/623 identical (0.00s); elapsed 4.4 min
72/623 identical (3.01s); elapsed 4.5 min
73/623 identical (2.83s); elapsed 4.5 min
74/623 identical (3.49s); elapsed 4.6 min
75/623 identical (3.54s); elapsed 4.6 min
76/623 identical (4.14s); elapsed 4.7 min
77/623 identical (4.20s); elapsed 4.8 min
78/623 identical (3.85s); elapsed 4.8 min
79/623 identical (3.85s); elapsed 4.9 min
80/623 identical (6.27s); elapsed 5.0 min
81/623 identical (5.50s); elapsed 5.1 min
82/623 identical (2.92s); elapsed 5.2 min
83/623 identical (3.36s); elapsed 5.2 min
84/623 identical (6.31s); elapsed 5.3 min
85/623 identical (4.78s); elapsed 5.4 min
86/623 identical (0.01s); elapsed 5.4 min
87/623 identical (0.01s); elapsed 5.4 min
88/623 identical (3.84s); elapsed 5.5 min
89/623 identical (3.99s); elapsed 5.5 min
90/623 identical (0.00s); elapsed 5.5 min
91/623 identical (0.01s); elapsed 5.5 min
92/623 identical (4.70s); elapsed 5.6 min
93/623 identical (4.17s); elapsed 5.7 min
94/623 identical (2.88s); elapsed 5.7 min
95/623 identical (2.91s); elapsed 5.8 min
96/623 identical (4.59s); elapsed 5.8 min
97/623 identical (6.70s); elapsed 6.0 min
98/623 identical (0.01s); elapsed 6.0 min
99/623 identical (0.01s); elapsed 6.0 min
100/623 identical (3.94s); elapsed 6.0 min
101/623 identical (6.06s); elapsed 6.1 min
102/623 identical (3.76s); elapsed 6.2 min
103/623 identical (3.98s); elapsed 6.3 min
104/623 identical (6.45s); elapsed 6.4 min
105/623 identical (8.51s); elapsed 6.5 min
106/623 identical (0.00s); elapsed 6.5 min
107/623 identical (0.01s); elapsed 6.5 min
108/623 identical (2.90s); elapsed 6.6 min
109/623 identical (3.40s); elapsed 6.6 min
110/623 identical (3.90s); elapsed 6.7 min
111/623 identical (3.51s); elapsed 6.7 min
112/623 identical (4.46s); elapsed 6.8 min
113/623 identical (4.45s); elapsed 6.9 min
114/623 identical (4.70s); elapsed 7.0 min
115/623 identical (4.12s); elapsed 7.0 min
116/623 identical (12.59s); elapsed 7.2 min
117/623 identical (10.12s); elapsed 7.4 min
118/623 identical (0.01s); elapsed 7.4 min
119/623 identical (0.01s); elapsed 7.4 min
120/623 identical (3.30s); elapsed 7.5 min
121/623 identical (5.96s); elapsed 7.6 min
122/623 identical (0.01s); elapsed 7.6 min
123/623 identical (0.01s); elapsed 7.6 min
124/623 identical (7.32s); elapsed 7.7 min
125/623 identical (5.88s); elapsed 7.8 min
126/623 identical (0.01s); elapsed 7.8 min
127/623 identical (0.00s); elapsed 7.8 min
128/623 identical (4.46s); elapsed 7.9 min
129/623 identical (4.99s); elapsed 7.9 min
130/623 identical (2.98s); elapsed 8.0 min
131/623 identical (2.73s); elapsed 8.0 min
132/623 identical (6.29s); elapsed 8.1 min
133/623 identical (7.39s); elapsed 8.3 min
134/623 identical (0.01s); elapsed 8.3 min
135/623 identical (0.01s); elapsed 8.3 min
136/623 identical (4.44s); elapsed 8.3 min
137/623 identical (5.19s); elapsed 8.4 min
138/623 identical (0.01s); elapsed 8.4 min
139/623 identical (0.00s); elapsed 8.4 min
140/623 identical (4.51s); elapsed 8.5 min
141/623 identical (6.14s); elapsed 8.6 min
142/623 identical (0.01s); elapsed 8.6 min
143/623 identical (0.01s); elapsed 8.6 min
144/623 identical (2.83s); elapsed 8.6 min
145/623 identical (3.30s); elapsed 8.7 min
146/623 identical (3.59s); elapsed 8.8 min
147/623 identical (3.87s); elapsed 8.8 min
148/623 identical (4.79s); elapsed 8.9 min
149/623 identical (4.42s); elapsed 9.0 min
150/623 identical (4.19s); elapsed 9.0 min
151/623 identical (4.49s); elapsed 9.1 min
152/623 identical (6.28s); elapsed 9.2 min
153/623 identical (9.05s); elapsed 9.4 min
154/623 identical (0.01s); elapsed 9.4 min
155/623 identical (0.01s); elapsed 9.4 min
156/623 identical (3.57s); elapsed 9.4 min
157/623 identical (3.10s); elapsed 9.5 min
158/623 identical (4.19s); elapsed 9.6 min
159/623 identical (4.48s); elapsed 9.6 min
160/623 identical (5.15s); elapsed 9.7 min
161/623 identical (5.13s); elapsed 9.8 min
162/623 identical (0.01s); elapsed 9.8 min
163/623 identical (0.01s); elapsed 9.8 min
164/623 identical (4.77s); elapsed 9.9 min
165/623 identical (4.73s); elapsed 10.0 min
166/623 identical (3.04s); elapsed 10.0 min
167/623 identical (2.34s); elapsed 10.1 min
168/623 identical (4.96s); elapsed 10.1 min
169/623 identical (5.79s); elapsed 10.2 min
170/623 identical (0.01s); elapsed 10.2 min
171/623 identical (0.01s); elapsed 10.2 min
172/623 identical (4.48s); elapsed 10.3 min
173/623 identical (5.19s); elapsed 10.4 min
174/623 identical (0.01s); elapsed 10.4 min
175/623 identical (0.00s); elapsed 10.4 min
176/623 identical (6.22s); elapsed 10.5 min
177/623 identical (5.95s); elapsed 10.6 min
178/623 identical (2.20s); elapsed 10.6 min
179/623 identical (3.15s); elapsed 10.7 min
180/623 identical (7.20s); elapsed 10.8 min
181/623 identical (2.34s); elapsed 10.8 min
182/623 identical (4.83s); elapsed 10.9 min
183/623 identical (4.25s); elapsed 11.0 min
184/623 identical (5.78s); elapsed 11.1 min
185/623 identical (4.77s); elapsed 11.2 min
186/623 identical (3.78s); elapsed 11.2 min
187/623 identical (4.16s); elapsed 11.3 min
188/623 identical (7.62s); elapsed 11.4 min
189/623 identical (4.34s); elapsed 11.5 min
190/623 identical (0.00s); elapsed 11.5 min
191/623 identical (0.00s); elapsed 11.5 min
192/623 identical (2.03s); elapsed 11.5 min
193/623 identical (1.83s); elapsed 11.6 min
194/623 identical (2.72s); elapsed 11.6 min
195/623 identical (2.49s); elapsed 11.7 min
196/623 identical (3.93s); elapsed 11.7 min
197/623 identical (4.97s); elapsed 11.8 min
198/623 identical (7.25s); elapsed 11.9 min
199/623 identical (5.59s); elapsed 12.0 min
200/623 identical (8.63s); elapsed 12.2 min
201/623 identical (4.91s); elapsed 12.2 min
202/623 identical (2.74s); elapsed 12.3 min
203/623 identical (2.51s); elapsed 12.3 min
204/623 identical (6.32s); elapsed 12.4 min
205/623 identical (5.63s); elapsed 12.5 min
206/623 identical (0.01s); elapsed 12.5 min
207/623 identical (0.01s); elapsed 12.5 min
208/623 identical (5.25s); elapsed 12.6 min
209/623 identical (4.55s); elapsed 12.7 min
210/623 identical (0.02s); elapsed 12.7 min
211/623 identical (0.00s); elapsed 12.7 min
212/623 identical (5.20s); elapsed 12.8 min
213/623 identical (4.42s); elapsed 12.9 min
214/623 identical (2.79s); elapsed 12.9 min
215/623 identical (2.52s); elapsed 12.9 min
216/623 identical (6.19s); elapsed 13.0 min
217/623 identical (6.86s); elapsed 13.2 min
218/623 identical (0.01s); elapsed 13.2 min
219/623 identical (0.01s); elapsed 13.2 min
220/623 identical (6.54s); elapsed 13.3 min
221/623 identical (5.82s); elapsed 13.4 min
222/623 identical (5.41s); elapsed 13.5 min
223/623 identical (6.31s); elapsed 13.6 min
224/623 identical (8.24s); elapsed 13.7 min
225/623 identical (11.43s); elapsed 13.9 min
226/623 identical (0.01s); elapsed 13.9 min
227/623 identical (0.00s); elapsed 13.9 min
228/623 identical (4.91s); elapsed 14.0 min
229/623 identical (3.08s); elapsed 14.0 min
230/623 identical (3.59s); elapsed 14.1 min
231/623 identical (3.06s); elapsed 14.1 min
232/623 identical (3.80s); elapsed 14.2 min
233/623 identical (3.96s); elapsed 14.3 min
234/623 identical (3.04s); elapsed 14.3 min
235/623 identical (3.13s); elapsed 14.4 min
236/623 identical (7.96s); elapsed 14.5 min
237/623 identical (6.35s); elapsed 14.6 min
238/623 identical (0.01s); elapsed 14.6 min
239/623 identical (0.01s); elapsed 14.6 min
240/623 identical (2.77s); elapsed 14.7 min
241/623 identical (6.71s); elapsed 14.8 min
242/623 identical (0.01s); elapsed 14.8 min
243/623 identical (0.01s); elapsed 14.8 min
244/623 identical (4.30s); elapsed 14.8 min
245/623 identical (4.05s); elapsed 14.9 min
246/623 identical (0.00s); elapsed 14.9 min
247/623 identical (0.01s); elapsed 14.9 min
248/623 identical (4.88s); elapsed 15.0 min
249/623 identical (6.10s); elapsed 15.1 min
250/623 identical (3.63s); elapsed 15.1 min
251/623 identical (3.38s); elapsed 15.2 min
252/623 identical (6.58s); elapsed 15.3 min
253/623 identical (8.54s); elapsed 15.5 min
254/623 identical (0.02s); elapsed 15.5 min
255/623 identical (0.01s); elapsed 15.5 min
256/623 identical (5.19s); elapsed 15.5 min
257/623 identical (7.04s); elapsed 15.7 min
258/623 identical (0.01s); elapsed 15.7 min
259/623 identical (0.01s); elapsed 15.7 min
260/623 identical (7.21s); elapsed 15.8 min
261/623 identical (8.26s); elapsed 15.9 min
262/623 identical (0.02s); elapsed 15.9 min
263/623 identical (0.01s); elapsed 15.9 min
264/623 identical (2.74s); elapsed 16.0 min
265/623 identical (3.99s); elapsed 16.0 min
266/623 identical (4.32s); elapsed 16.1 min
267/623 identical (5.65s); elapsed 16.2 min
268/623 identical (6.08s); elapsed 16.3 min
269/623 identical (4.56s); elapsed 16.4 min
270/623 identical (5.64s); elapsed 16.5 min
271/623 identical (4.99s); elapsed 16.6 min
272/623 identical (7.95s); elapsed 16.7 min
273/623 identical (9.57s); elapsed 16.8 min
274/623 identical (0.01s); elapsed 16.8 min
275/623 identical (0.01s); elapsed 16.8 min
276/623 identical (3.39s); elapsed 16.9 min
277/623 identical (2.90s); elapsed 17.0 min
278/623 identical (4.11s); elapsed 17.0 min
279/623 identical (4.74s); elapsed 17.1 min
280/623 identical (5.48s); elapsed 17.2 min
281/623 identical (5.85s); elapsed 17.3 min
282/623 identical (0.01s); elapsed 17.3 min
283/623 identical (0.02s); elapsed 17.3 min
284/623 identical (5.08s); elapsed 17.4 min
285/623 identical (5.10s); elapsed 17.5 min
286/623 identical (3.93s); elapsed 17.5 min
287/623 identical (4.05s); elapsed 17.6 min
288/623 identical (5.14s); elapsed 17.7 min
289/623 identical (5.88s); elapsed 17.8 min
290/623 identical (0.02s); elapsed 17.8 min
291/623 identical (0.01s); elapsed 17.8 min
292/623 identical (5.14s); elapsed 17.9 min
293/623 identical (3.57s); elapsed 17.9 min
294/623 identical (0.01s); elapsed 17.9 min
295/623 identical (0.00s); elapsed 17.9 min
296/623 identical (3.48s); elapsed 18.0 min
297/623 identical (3.80s); elapsed 18.0 min
298/623 identical (2.50s); elapsed 18.1 min
299/623 identical (2.64s); elapsed 18.1 min
300/623 identical (5.28s); elapsed 18.2 min
301/623 identical (2.83s); elapsed 18.3 min
302/623 identical (2.91s); elapsed 18.3 min
303/623 identical (2.61s); elapsed 18.4 min
304/623 identical (2.76s); elapsed 18.4 min
305/623 identical (3.04s); elapsed 18.5 min
306/623 identical (2.23s); elapsed 18.5 min
307/623 identical (2.25s); elapsed 18.5 min
308/623 identical (5.17s); elapsed 18.6 min
309/623 identical (5.34s); elapsed 18.7 min
310/623 identical (0.01s); elapsed 18.7 min
311/623 identical (0.00s); elapsed 18.7 min
312/623 identical (2.30s); elapsed 18.7 min
313/623 identical (2.77s); elapsed 18.8 min
314/623 identical (2.65s); elapsed 18.8 min
315/623 identical (2.33s); elapsed 18.9 min
316/623 identical (3.79s); elapsed 18.9 min
317/623 identical (3.71s); elapsed 19.0 min
318/623 identical (3.75s); elapsed 19.1 min
319/623 identical (3.76s); elapsed 19.1 min
320/623 identical (6.41s); elapsed 19.2 min
321/623 identical (3.89s); elapsed 19.3 min
322/623 identical (2.60s); elapsed 19.3 min
323/623 identical (2.32s); elapsed 19.4 min
324/623 identical (5.89s); elapsed 19.5 min
325/623 identical (4.91s); elapsed 19.6 min
326/623 identical (0.01s); elapsed 19.6 min
327/623 identical (0.02s); elapsed 19.6 min
328/623 identical (4.12s); elapsed 19.6 min
329/623 identical (4.08s); elapsed 19.7 min
330/623 identical (0.02s); elapsed 19.7 min
331/623 identical (0.00s); elapsed 19.7 min
332/623 identical (3.77s); elapsed 19.8 min
333/623 identical (3.73s); elapsed 19.8 min
334/623 identical (2.37s); elapsed 19.9 min
335/623 identical (2.41s); elapsed 19.9 min
336/623 identical (4.58s); elapsed 20.0 min
337/623 identical (5.63s); elapsed 20.1 min
338/623 identical (0.01s); elapsed 20.1 min
339/623 identical (0.01s); elapsed 20.1 min
340/623 identical (4.49s); elapsed 20.1 min
341/623 identical (2.73s); elapsed 20.2 min
342/623 identical (3.39s); elapsed 20.2 min
343/623 identical (3.31s); elapsed 20.3 min
344/623 identical (5.59s); elapsed 20.4 min
345/623 identical (6.94s); elapsed 20.5 min
346/623 identical (0.01s); elapsed 20.5 min
347/623 identical (0.01s); elapsed 20.5 min
348/623 identical (2.28s); elapsed 20.5 min
349/623 identical (2.34s); elapsed 20.6 min
350/623 identical (3.16s); elapsed 20.6 min
351/623 identical (2.64s); elapsed 20.7 min
352/623 identical (2.72s); elapsed 20.7 min
353/623 identical (3.44s); elapsed 20.8 min
354/623 identical (2.25s); elapsed 20.8 min
355/623 identical (2.26s); elapsed 20.9 min
356/623 identical (4.85s); elapsed 20.9 min
357/623 identical (3.80s); elapsed 21.0 min
358/623 identical (0.00s); elapsed 21.0 min
359/623 identical (0.00s); elapsed 21.0 min
360/623 identical (1.92s); elapsed 21.0 min
361/623 identical (3.14s); elapsed 21.1 min
362/623 identical (0.01s); elapsed 21.1 min
363/623 identical (0.01s); elapsed 21.1 min
364/623 identical (2.27s); elapsed 21.1 min
365/623 identical (2.66s); elapsed 21.2 min
366/623 identical (0.00s); elapsed 21.2 min
367/623 identical (0.00s); elapsed 21.2 min
368/623 identical (1.56s); elapsed 21.2 min
369/623 identical (1.86s); elapsed 21.2 min
370/623 identical (2.07s); elapsed 21.3 min
371/623 identical (2.00s); elapsed 21.3 min
372/623 identical (4.37s); elapsed 21.4 min
373/623 identical (4.51s); elapsed 21.4 min
374/623 identical (0.03s); elapsed 21.4 min
375/623 identical (0.02s); elapsed 21.4 min
376/623 identical (2.97s); elapsed 21.5 min
377/623 identical (4.07s); elapsed 21.6 min
378/623 identical (0.01s); elapsed 21.6 min
379/623 identical (0.01s); elapsed 21.6 min
380/623 identical (2.82s); elapsed 21.6 min
381/623 identical (0.24s); elapsed 21.6 min
382/623 identical (0.26s); elapsed 21.6 min
383/623 identical (0.18s); elapsed 21.6 min
384/623 identical (0.23s); elapsed 21.6 min
385/623 identical (0.28s); elapsed 21.6 min
386/623 identical (0.25s); elapsed 21.6 min
387/623 identical (0.30s); elapsed 21.6 min
388/623 identical (0.19s); elapsed 21.6 min
389/623 identical (0.28s); elapsed 21.6 min
390/623 identical (0.13s); elapsed 21.6 min
391/623 identical (0.23s); elapsed 21.7 min
392/623 identical (0.21s); elapsed 21.7 min
393/623 identical (0.32s); elapsed 21.7 min
394/623 identical (0.24s); elapsed 21.7 min
395/623 identical (0.25s); elapsed 21.7 min
396/623 identical (0.19s); elapsed 21.7 min
397/623 identical (0.32s); elapsed 21.7 min
398/623 identical (0.14s); elapsed 21.7 min
399/623 identical (0.19s); elapsed 21.7 min
400/623 identical (0.28s); elapsed 21.7 min
401/623 identical (0.30s); elapsed 21.7 min
402/623 identical (0.15s); elapsed 21.7 min
403/623 identical (0.29s); elapsed 21.7 min
404/623 identical (0.14s); elapsed 21.7 min
405/623 identical (0.28s); elapsed 21.7 min
406/623 identical (0.17s); elapsed 21.7 min
407/623 identical (0.26s); elapsed 21.7 min
408/623 identical (0.16s); elapsed 21.7 min
409/623 identical (0.28s); elapsed 21.7 min
410/623 identical (0.21s); elapsed 21.7 min
411/623 identical (0.24s); elapsed 21.7 min
412/623 identical (0.17s); elapsed 21.7 min
413/623 identical (0.31s); elapsed 21.7 min
414/623 identical (0.15s); elapsed 21.7 min
415/623 identical (0.27s); elapsed 21.7 min
416/623 identical (0.21s); elapsed 21.7 min
417/623 identical (0.25s); elapsed 21.8 min
418/623 identical (0.13s); elapsed 21.8 min
419/623 identical (0.23s); elapsed 21.8 min
420/623 identical (0.19s); elapsed 21.8 min
421/623 identical (0.19s); elapsed 21.8 min
422/623 identical (0.25s); elapsed 21.8 min
423/623 identical (0.26s); elapsed 21.8 min
424/623 identical (0.16s); elapsed 21.8 min
425/623 identical (0.28s); elapsed 21.8 min
426/623 identical (0.15s); elapsed 21.8 min
427/623 identical (0.27s); elapsed 21.8 min
428/623 identical (0.16s); elapsed 21.8 min
429/623 identical (0.27s); elapsed 21.8 min
430/623 identical (0.17s); elapsed 21.8 min
431/623 identical (0.28s); elapsed 21.8 min
432/623 identical (0.14s); elapsed 21.8 min
433/623 identical (0.25s); elapsed 21.8 min
434/623 identical (0.14s); elapsed 21.8 min
435/623 identical (0.28s); elapsed 21.8 min
436/623 identical (0.22s); elapsed 21.8 min
437/623 identical (0.27s); elapsed 21.8 min
438/623 identical (0.16s); elapsed 21.8 min
439/623 identical (0.22s); elapsed 21.8 min
440/623 identical (0.15s); elapsed 21.8 min
441/623 identical (0.20s); elapsed 21.8 min
442/623 identical (0.15s); elapsed 21.8 min
443/623 identical (0.22s); elapsed 21.8 min
444/623 identical (0.14s); elapsed 21.8 min
445/623 identical (0.30s); elapsed 21.8 min
446/623 identical (0.17s); elapsed 21.9 min
447/623 identical (0.28s); elapsed 21.9 min
448/623 identical (0.13s); elapsed 21.9 min
449/623 identical (0.23s); elapsed 21.9 min
450/623 identical (0.15s); elapsed 21.9 min
451/623 identical (0.29s); elapsed 21.9 min
452/623 identical (0.12s); elapsed 21.9 min
453/623 identical (0.24s); elapsed 21.9 min
454/623 identical (0.22s); elapsed 21.9 min
455/623 identical (0.22s); elapsed 21.9 min
456/623 identical (0.13s); elapsed 21.9 min
457/623 identical (0.27s); elapsed 21.9 min
458/623 identical (0.12s); elapsed 21.9 min
459/623 identical (0.21s); elapsed 21.9 min
460/623 identical (0.18s); elapsed 21.9 min
461/623 identical (0.21s); elapsed 21.9 min
462/623 identical (0.14s); elapsed 21.9 min
463/623 identical (0.23s); elapsed 21.9 min
464/623 identical (0.17s); elapsed 21.9 min
465/623 identical (0.25s); elapsed 21.9 min
466/623 identical (0.17s); elapsed 21.9 min
467/623 identical (0.26s); elapsed 21.9 min
468/623 identical (0.14s); elapsed 21.9 min
469/623 identical (0.32s); elapsed 21.9 min
470/623 identical (0.18s); elapsed 21.9 min
471/623 identical (0.28s); elapsed 21.9 min
472/623 identical (0.17s); elapsed 21.9 min
473/623 identical (0.20s); elapsed 21.9 min
474/623 identical (0.16s); elapsed 21.9 min
475/623 identical (0.19s); elapsed 21.9 min
476/623 identical (0.18s); elapsed 22.0 min
477/623 identical (0.23s); elapsed 22.0 min
478/623 identical (0.18s); elapsed 22.0 min
479/623 identical (0.21s); elapsed 22.0 min
480/623 identical (0.17s); elapsed 22.0 min
481/623 identical (0.26s); elapsed 22.0 min
482/623 identical (0.16s); elapsed 22.0 min
483/623 identical (0.25s); elapsed 22.0 min
484/623 identical (0.17s); elapsed 22.0 min
485/623 identical (0.21s); elapsed 22.0 min
486/623 identical (0.23s); elapsed 22.0 min
487/623 identical (0.20s); elapsed 22.0 min
488/623 identical (0.18s); elapsed 22.0 min
489/623 identical (0.20s); elapsed 22.0 min
490/623 identical (0.16s); elapsed 22.0 min
491/623 identical (0.20s); elapsed 22.0 min
492/623 identical (0.15s); elapsed 22.0 min
493/623 identical (0.30s); elapsed 22.0 min
494/623 identical (0.08s); elapsed 22.0 min
495/623 identical (0.25s); elapsed 22.0 min
496/623 identical (0.20s); elapsed 22.0 min
497/623 identical (0.15s); elapsed 22.0 min
498/623 identical (0.13s); elapsed 22.0 min
499/623 identical (0.30s); elapsed 22.0 min
500/623 identical (0.13s); elapsed 22.0 min
501/623 identical (0.24s); elapsed 22.0 min
502/623 identical (0.15s); elapsed 22.0 min
503/623 identical (0.22s); elapsed 22.0 min
504/623 identical (0.15s); elapsed 22.0 min
505/623 identical (0.29s); elapsed 22.0 min
506/623 identical (0.17s); elapsed 22.1 min
507/623 identical (0.20s); elapsed 22.1 min
508/623 identical (0.13s); elapsed 22.1 min
509/623 identical (0.21s); elapsed 22.1 min
510/623 identical (0.12s); elapsed 22.1 min
511/623 identical (0.29s); elapsed 22.1 min
512/623 identical (0.16s); elapsed 22.1 min
513/623 identical (0.14s); elapsed 22.1 min
514/623 identical (0.15s); elapsed 22.1 min
515/623 identical (0.25s); elapsed 22.1 min
516/623 identical (0.20s); elapsed 22.1 min
517/623 identical (0.24s); elapsed 22.1 min
518/623 identical (0.14s); elapsed 22.1 min
519/623 identical (0.27s); elapsed 22.1 min
520/623 identical (0.12s); elapsed 22.1 min
521/623 identical (0.25s); elapsed 22.1 min
522/623 identical (0.15s); elapsed 22.1 min
523/623 identical (0.26s); elapsed 22.1 min
524/623 identical (0.15s); elapsed 22.1 min
525/623 identical (0.27s); elapsed 22.1 min
526/623 identical (0.21s); elapsed 22.1 min
527/623 identical (0.28s); elapsed 22.1 min
528/623 identical (0.16s); elapsed 22.1 min
529/623 identical (0.24s); elapsed 22.1 min
530/623 identical (0.19s); elapsed 22.1 min
531/623 identical (0.20s); elapsed 22.1 min
532/623 identical (0.16s); elapsed 22.1 min
533/623 identical (0.21s); elapsed 22.1 min
534/623 identical (0.16s); elapsed 22.1 min
535/623 identical (0.19s); elapsed 22.1 min
536/623 identical (0.22s); elapsed 22.2 min
537/623 identical (0.35s); elapsed 22.2 min
538/623 identical (1.91s); elapsed 22.2 min
539/623 identical (0.52s); elapsed 22.2 min
540/623 identical (0.36s); elapsed 22.2 min
541/623 identical (1.60s); elapsed 22.2 min
542/623 identical (0.39s); elapsed 22.2 min
543/623 identical (0.26s); elapsed 22.2 min
544/623 identical (3.03s); elapsed 22.3 min
545/623 identical (0.44s); elapsed 22.3 min
546/623 identical (0.37s); elapsed 22.3 min
547/623 identical (2.86s); elapsed 22.4 min
548/623 identical (0.39s); elapsed 22.4 min
549/623 identical (0.28s); elapsed 22.4 min
550/623 identical (2.27s); elapsed 22.4 min
551/623 identical (0.39s); elapsed 22.4 min
552/623 identical (0.29s); elapsed 22.4 min
553/623 identical (1.39s); elapsed 22.4 min
554/623 identical (0.37s); elapsed 22.4 min
555/623 identical (0.28s); elapsed 22.4 min
556/623 identical (2.68s); elapsed 22.5 min
557/623 identical (0.29s); elapsed 22.5 min
558/623 identical (0.28s); elapsed 22.5 min
559/623 identical (1.67s); elapsed 22.5 min
560/623 identical (0.33s); elapsed 22.5 min
561/623 identical (0.28s); elapsed 22.5 min
562/623 identical (1.93s); elapsed 22.6 min
563/623 identical (0.47s); elapsed 22.6 min
564/623 identical (0.32s); elapsed 22.6 min
565/623 identical (2.24s); elapsed 22.6 min
566/623 identical (0.44s); elapsed 22.6 min
567/623 identical (0.37s); elapsed 22.6 min
568/623 identical (1.78s); elapsed 22.7 min
569/623 identical (0.45s); elapsed 22.7 min
570/623 identical (0.22s); elapsed 22.7 min
571/623 identical (2.17s); elapsed 22.7 min
572/623 identical (0.39s); elapsed 22.7 min
573/623 identical (0.29s); elapsed 22.7 min
574/623 identical (1.53s); elapsed 22.7 min
575/623 identical (0.36s); elapsed 22.8 min
576/623 identical (0.35s); elapsed 22.8 min
577/623 identical (1.85s); elapsed 22.8 min
578/623 identical (0.36s); elapsed 22.8 min
579/623 identical (0.29s); elapsed 22.8 min
580/623 identical (1.27s); elapsed 22.8 min
581/623 identical (0.39s); elapsed 22.8 min
582/623 identical (0.30s); elapsed 22.8 min
583/623 identical (1.61s); elapsed 22.9 min
584/623 identical (0.42s); elapsed 22.9 min
585/623 identical (0.29s); elapsed 22.9 min
586/623 identical (1.87s); elapsed 22.9 min
587/623 identical (0.35s); elapsed 22.9 min
588/623 identical (0.33s); elapsed 22.9 min
589/623 identical (1.35s); elapsed 22.9 min
590/623 identical (0.33s); elapsed 22.9 min
591/623 identical (0.23s); elapsed 22.9 min
592/623 identical (0.30s); elapsed 23.0 min
593/623 identical (0.33s); elapsed 23.0 min
594/623 identical (106.57s); elapsed 24.7 min
595/623 identical (27.39s); elapsed 25.2 min
596/623 identical (0.62s); elapsed 25.2 min
597/623 identical (0.78s); elapsed 25.2 min
598/623 identical (0.90s); elapsed 25.2 min
599/623 identical (0.87s); elapsed 25.2 min
600/623 identical (0.76s); elapsed 25.3 min
601/623 identical (0.90s); elapsed 25.3 min
602/623 identical (0.34s); elapsed 25.3 min
603/623 identical (0.14s); elapsed 25.3 min
604/623 identical (0.18s); elapsed 25.3 min
605/623 identical (0.38s); elapsed 25.3 min
606/623 identical (0.14s); elapsed 25.3 min
607/623 identical (0.38s); elapsed 25.3 min
608/623 identical (0.23s); elapsed 25.3 min
609/623 identical (0.28s); elapsed 25.3 min
610/623 identical (0.24s); elapsed 25.3 min
611/623 identical (0.26s); elapsed 25.3 min
612/623 identical (0.25s); elapsed 25.3 min
613/623 identical (0.23s); elapsed 25.3 min
614/623 identical (0.25s); elapsed 25.3 min
615/623 identical (0.25s); elapsed 25.3 min
616/623 identical (0.55s); elapsed 25.3 min
617/623 identical (0.69s); elapsed 25.4 min
618/623 identical (0.31s); elapsed 25.4 min
619/623 identical (0.38s); elapsed 25.4 min
620/623 identical (0.39s); elapsed 25.4 min
621/623 identical (3.24s); elapsed 25.4 min
622/623 identical (0.14s); elapsed 25.4 min
623/623 identical (0.03s); elapsed 25.4 min
identical
timing 50 JS fights
timing 50 C++ fights
{
  "status": "IDENTICAL",
  "identical": 623,
  "successful_fights": 525,
  "identical_errors": 98,
  "speed": {
    "count": 50,
    "js": {
      "wall_seconds": 31.62100870800009,
      "user_seconds": 30.28362100000004,
      "system_seconds": 0.2707720000000009,
      "seconds_per_fight": 0.6324201741600018,
      "load_before": [
        66.86865234375,
        76.703125,
        71.13232421875
      ],
      "load_after": [
        48.9111328125,
        71.32080078125,
        69.3681640625
      ]
    },
    "cpp": {
      "wall_seconds": 157.8542191250001,
      "user_seconds": 120.67720899999995,
      "system_seconds": 0.5198079999999994,
      "seconds_per_fight": 3.157084382500002,
      "load_before": [
        48.9111328125,
        71.32080078125,
        69.3681640625
      ],
      "load_after": [
        45.10986328125,
        59.8662109375,
        64.90966796875
      ]
    },
    "speed_up": 0.20031779247509593,
    "first_difference": null,
    "note": "Wall time includes host startup, network load, JSON IO, and host memory reclamation; no worker parallelism."
  }
}
