{
  "status": "PASS",
  "seconds": 91.278954417,
  "identity": {
    "manifest_sha256": "4ec5a2ca062876748c32474197be3ce8aa749ec001090a0aa9f3db10b2721015",
    "binary_sha256": "3c738e92f0912a99517599b26de00995d2708ab411b1d10dcbd7c28113d80f74",
    "sources": {
      "src/native/host_observer_v1.cpp": "5310d9e2d4002f3c733f42bae229948d199344eb48771df4b794c14772b818da",
      "src/native/observer_v1_config_codec.cpp": "9b1113a2c7678518a5fbda76c6738b0315509d42f9598118b8e6cf0343d0d53d",
      "native_s4_attribution_contract.cpp": "123470b010b966bda323eca35769f8f2846843152610c1fb37e9f50cfb53c8d1",
      "native_s4_v6_contract.cpp": "3ee40bf50fbb5f4e73747e0349d776e2fa00a0b9389a12a8e02434b20b22a5ce",
      "src/native/s4_v6_complex.cpp": "06516b01e7d00f8338ea9866a46088a3c40d191c07a7d1ab63a884326b22d5bd",
      "src/native/s4_v6_controller.cpp": "25a0733cc3081fa298fc1664fa4c5a481e5b7a0aea8d6d6cbb1025808757142f",
      "src/native/observer_v1_dispatch.cpp": "9b2948d9aeac9b8a540f8a9f0a546b539ef71b6e4765359f95421bad05547291",
      "src/native/observer_v1.cpp": "a097acdd4550bc872e6ad41b4bb7a94459465864633a05d4d9e0dc443a8ba53f",
      "src/native/observer_v1_world.cpp": "e0bd24fe14d74888de9461c122a25e2c2d20b20d5777eaa43a8ae9d57c0596c5",
      "src/native/combat.cpp": "aaff544aff2e793fdad8bac130d99fbe9e8c6d7c3ea9d6d6e2a9f17ef604bab8",
      "src/native/spatial.cpp": "36232999e40db2bd261c0e757a85b97ecdda7b1186bbe670d50f9e08c8ce0741",
      "src/native/observer_v1_combat_rules.cpp": "4d94b9694831f5a35e95c0c048480397a50f2c2e08694a8227305e66e8a64aa0",
      "src/native/observer_v1_abilities.cpp": "4e4ada09b18947c76243220a7a56d3a2a966f40982c29a7856cc8239359b7e71",
      "src/native/player.cpp": "06916e242a984af10ac3e09ef2df06ad701847ffa4d74ade8ae17595b0333e21",
      "src/native/formation.cpp": "64dbbc07256450e19189bba59fe8013a30942a4d0230e5f8b52f5a751bcfe7bf",
      "src/native/formation_tables.cpp": "89ca27a08042c51a37c9381bcda328887d10c2e63147504b87f033bae7a65762",
      "src/native/commander.cpp": "0db5a3cfefcbb97c201be018e55b1051dfa183b108ad56ffa3720b479c63e2c0",
      "src/native/targeting.cpp": "3e7fffa60b6666af347584b61ec1880b9b9d5ca52fcaafdecfff5bff6d536007",
      "src/native/coord_abilities.cpp": "12646a05ec0a550173dc7daa897c2bc5d19063e81fa2961601670e8042d1bb94",
      "src/native/observer_v1_dodge.cpp": "1d8ed458e5ce381fbe06fff5bb96d8fb97f908c0a6b5638c5a5e389ca73e4716",
      "src/native/decisions.cpp": "6605405b679ae7ab445c47f2c2042e78234a43325ece442c784fc70ea9d8008d",
      "src/native/director.cpp": "78096462fab3672b812c42049e44303ac688aced67db39b935bc8e9723dcbb4c",
      "src/native/network.cpp": "49beea40bed8ccec2115f710a4c663bd73c55177f0b210ed4031b0ed042c8cfb",
      "src/native/network_tables.cpp": "56aa467c828967ae50bdf2cfac2afa9090c0942037812559aa92088d6da61eba",
      "src/native/search.cpp": "0654f951cc474a82371288362c94236f21774d1d4f035b4f1be909c2e0dc7d45",
      "src/native/artillery_prediction.cpp": "978ad06ba53a125dc876ea80c121fb03f25feb09abe44436f3c42f6f653e1e48",
      "src/native/artillery.cpp": "78258a7904923317042daefe9c2224bbdf8efb87f8ee80a1c8f56aba28cacc1d",
      "src/native/api.cpp": "f3c6e6b65cd35a1dbd98c63638775b19cf57465c24011e3017896ec5a89587a2",
      "src/native/controller.cpp": "d5a4057f66328a5713e42cf58186f808c54da4c242b126cbd8096940331e7067",
      "src/native/controller_bridge.cpp": "552441223f9198b59c18a1e2b5d416747ad4d842eb691ba6a1cbd383a84864f3",
      "src/native/s3_controller.cpp": "16e46078d01c45211836ff0e2a06a9e9e660233d49dffc301a660ca25c0d8eb3",
      "src/native/s3_diagnostics.cpp": "64fd88e20358e2fd37c53e2e259570a858070ce655c52ea33bf9be3f77a628e0",
      "src/builtins.h": "7fcd2fba1ec05aa2b671cb2acb9012a11c73ca827c932c159dc7db787624aed6",
      "src/formation_sim.h": "364dfea1b77be5743b14ba31a8368c11ea264a6ce513dffe7d32727a56e789c2",
      "src/js_value.h": "bb028815111ddbab5ffe8aa3de98f1076b2420d605104336c970e332f783c32c",
      "src/native/api.h": "522d167e438ba35816997481222928a86d8cba549f0ce7384a6ec55cddd405d7",
      "src/native/artillery.h": "ca419ce466ef179db05b91bc55ffbd692e3c88395c984d5788ba1d48f91bd673",
      "src/native/catalog_data.h": "11b3bfc9fae461509df0c04480f2d46fc7ab6a92653bdfe685f9590937d05e60",
      "src/native/config.h": "46885b50acbea548245fce3f521da1ae089e3bd6c2b68588ce28662f989af6d1",
      "src/native/config_codec.h": "9fa1fd74ae4e1c3fa9d7727796727043bc8c755cb8af01201cd78fda089ac4e2",
      "src/native/controller.h": "4cf40354b137641a81d7d283a9c4cb3c0d2474de29dc8e8482dc149be82784df",
      "src/native/controller_bridge.h": "b343c0391b8fa40768a1993d7ed4195cfeb3fda8f9ed431af275c71f35a81269",
      "src/native/formation.h": "ed44d737410f829bdb35a579fac22292baf700fed14588f4cdffe8c6bb8b8471",
      "src/native/formation_types.h": "c8c93366a082de03b0667c34ba5c0a50a4181f9f6de18d17ee7272f21a59fbf9",
      "src/native/geometry.h": "7ce862ed036dd7c9a3cd78269648db33072888a5434c9e0d6528649a2e825364",
      "src/native/nearest_kernel.h": "6db41f9ccf4960dd1b9448e34f02f0f39224fc27854a390f0042214ef059d26d",
      "src/native/observer_v1.h": "7caf145837560e2c57fd980fda7990fe333f8e50e37d21e92a064e1bc7b41c63",
      "src/native/rng.h": "2fcc6197704f4de20bf4041136828b15fd30fe7bea9d83e8500254b95a625083",
      "src/native/s3_controller.h": "a85226be3bf0b07d95db04c6391786bc3cdbce458b18d24f26921f285877d238",
      "src/native/s3_diagnostics.h": "f0576d0fd884e6747055f4064a54e430a72c0278d8a3c9923b72068c66fe4246",
      "src/native/s4_v6_complex.h": "e1219968480b3456f614e7f189220bf01ace2fa534229bfd5c754ad8c36c2af6",
      "src/native/s4_v6_controller.h": "7d25d27ef511a84149d63bf6c56bc0ae1239c0ea3e8b874bb33cefd60ba70ec5",
      "src/native/search.h": "10f29ee0a1e4fb25f7cf84a9b497d572a2efdcf4eee9a54d5aa0b94afaa31dea",
      "src/native/search_types.h": "d3eb146f977efc9bfd8ed19aa65e9333696a71a4cd8d3e0a7466fe974cdbb058",
      "src/native/spatial.h": "b5e7368e713a6696d48fb5843c88d0dbbb8b6981752ee8655a3cf6957c2181a1",
      "src/native/types.h": "18bfeedc17d5c765c57a4b00c5de55633b0a95684beb6f770c3d5a1e53eb0648",
      "src/native/world.h": "94728d6e44facb17e5016ec80e8dcd13d31066c9be33006ee21390303e4acd41",
      "src/v8_ieee754.h": "72a68fcc9d908180c9dff5eced89b1b12b4ad9df68b1886b0307ab82104b5855",
      "build_observer_v1.py": "907e6679fdb919f3484e3c2676cd7b41a140d139d7845d01d99cf0221c86f39e",
      "build.py": "831e83565a982d33cf2c4d2f3b23b0eaf6516e53fd39e02f1994dc1765a7289d",
      "native_s4_v4_contract.cpp": "e92b2bd34450745dfc0d951f2817bb9ac218cf838b82d7926651ff12faf59a1d",
      "s4_attribution_checks/baseline_native/v4_contract.cpp": "e523a5a573a61559a60ffc6cc1d94ca131887469cb537415a619624bc044e06d",
      "s4_attribution_checks/baseline_native/s3_controller.cpp": "c8f622c49b7e1dca889a8a0ad853e9973dbce091d4e73234a6479890a99731a5",
      "s4_attribution_checks/baseline_native/s3_controller.h": "fd49e2729a27269937963dcdf9b2a20198a3f70cc3636d97dd8aa9de0a45f9ec",
      "src/native/config_codec.cpp": "c772d41e42b92dbc44992bb7a46c870fb2b4cbda819140bd4c50b394456221b1",
      "src/native/world.cpp": "f121972faa8d48378c47e222c28af182da5645c29fd2236b532d7ff8c4236c24",
      "src/native/combat_rules.cpp": "fdbd5a90723a9a238902025229604e0c573a3c5d4caa38e164305140496117f5",
      "src/native/abilities.cpp": "4f3953fb384104ed31a6e5be552407eaf25c0f77c230205983722a7557aa17bd",
      "src/native/dodge.cpp": "444f2d6f6e926bca805f4d177f40f38fea30bc7915d526627f7f19bf4b1d67b2",
      "src/native/host_v6.cpp": "a396440c3f713b4b5b631b12c5560bf0effa195e7bfedca8752c823f4df1dabc",
      "src/native/s4_v6_dispatch.cpp": "a8c6f6624eb464062ccb27107bec39996fd3ba89b93d718f4dbe28721c420af5",
      "src/native/s4_focus_probe_v1.cpp": "885c32c2082205f2383ce8bd595783a640d2c5d3d1482d8e0c4d0d71416d8f50",
      "src/native/s4_focus_probe_v1_dispatch.cpp": "f85dab87a2e759811878b20d5be9c2b2c9c6a8d335f11ba04071b43f143f93d3",
      "src/native/s4_focus_probe_v1.h": "2ef121b935519fb8b5fb9e93bdd7f5cbfef622165e8c984eff3df6e5480f3f24",
      "build_focus_probe_v1.py": "b7e9901eb7f06821e8e6075648213f8d990723e6f04c4654ac1b442ab220624c",
      "s4_spacing_probe_v1/spacing.h": "5af4793d81dbcd26a8b1439c00b25fc31fc54f570efad8f849d50b9f63709ff1",
      "s4_spacing_probe_v1/fixture.cpp": "60ecde5201e4e340bbca4869ad08eb8539972afa31dca4bd8eb2fbc01a7827a8",
      "s4_spacing_probe_v1/spacing.cpp": "e5d824a958dad14df1625f481356fad17015058db994089344949a152f4730d7",
      "s4_spacing_probe_v1/dispatch.cpp": "22ddfcac6cedc4d46aa2938bfd7bb37a60a288a2aba6eaef4d13491d1786761c",
      "s4_spacing_probe_v1/host.cpp": "6f6009a8778be9d7894b2eaac611ea9beafc736562cecf22946d84d69b55bb6d",
      "s4_escort_probe_v1/escort.cpp": "2d83e7daf3d794be3b5943aa3c472b1f0e9db52afe60027c122804e8f86c2fd6",
      "s4_escort_probe_v1/fixture.cpp": "912c2e294d2bfa363968f6ec19f6099d4c8e670927eee42c8dc0b6f3bc1661ee",
      "s4_escort_probe_v1/dispatch.cpp": "833dea6686477263b957cca86387a8348d68316034ce96dca4f7ae0ccef588d7",
      "s4_escort_probe_v1/host.cpp": "95fd50c65969f4393567264c01e7ec9e3e47dd6e3358e289f0862eae0d66488c",
      "s4_escort_probe_v1/escort.h": "121e2feb6669f7d3e321712633676511ca61e7ce8beaa4c4302a81b813fd9281",
      "s4_escort_probe_v3/escort.cpp": "5ca072d71b4660958e8c126ac563c70a707281c000260b5afd0ba9595fbab229",
      "s4_escort_probe_v3/fixture.cpp": "1f3e6fa8c709de1b1aff525af3deb050bc87cb6093d99b055bb5ca8a49ac30a7",
      "s4_escort_probe_v3/dispatch.cpp": "328874f48286cdf9bb602d844e343cfb1c7fb6d1916a943bdd0edf1334d0e9b6",
      "s4_escort_probe_v3/host.cpp": "ec55b0f1b1851725cb4a78e5cc9f2d2e4bf34e41e9544de19fcd77559d1c8dcf",
      "s4_escort_probe_v3/escort.h": "b5674ff233bbbb536df0bfdb186285a2ce147c2b3e83376c8fede36c1bdfbcda",
      "src/native/s4_v7_dispatch.cpp": "79c0a33f3742d40e60cfebc804dfd4d5004a95128882a6bc68baf88f143f8634",
      "src/native/s4_v7_fixture.cpp": "18bfd35845a2c16d1459581c7c2c24e7401b8eff427d994ab778e964b833350e",
      "src/native/s4_v7_controller.h": "6b9d73571f3a03bf872a5429eb23b0874b23e82b07c10bb360af067afd764909",
      "src/native/s4_v7_host.cpp": "1a41ce67523d48526e4e6e6c1a15a2949bd8e5ba8696a7a13f9f25a2b69cc6a9",
      "src/native/s4_v7_controller.cpp": "31ca158591312ad3964968949f6697778e735971592c5cd51aaabdbdb0750302",
      "s4_shape_lab_v1/lab_native.h": "c9f9e112e2266864bbc7515101e6db57236dedb137990893fd4afc43bf1a6eef",
      "s4_shape_lab_v1/lab_dispatch.cpp": "35b62ca580f40bef28a89d8ee548aec278175f8d131879ea5a428a3ef76150a8",
      "s4_shape_lab_v1/build/lab_v7_dispatch.cpp": "b43eaa7c3faa93f0533d7fcbd064b996c34ce188e4da820b5f3bcc9e3acf2a05",
      "s4_shape_lab_v1/build/lab_host.cpp": "37557d3b793463753b9cc696a65132b370f18730b50512383c4b02407a5d0a46",
      "s4_shape_lab_v1/build/lab_combat.cpp": "7db2fb34c39eb7b5b4e2a32ef8795bbddd4c21ca4f4a8a80f282d9e09d18cf91",
      "s4_react_adapter_v1/build.py": "7f2a1302566b07e6360f36fd166e30864cc7d2df50cafe5d25a234d496e8798f",
      "s4_react_adapter_v1/react.h": "a27b0f8d6c8a9097927cfc77eed2474c670274aed1da1d17c87bd172a3a085d2",
      "s4_react_adapter_v1/react.cpp": "91ade5b24e0333652f46e7e2f3aeb5717ad13dbd3adbdabd902f982fc53093b1",
      "s4_react_adapter_v1/dispatch.cpp": "7087de38c74a301097830532c5f15bb6cca64b22ecd8f42ef3d0811287247a8c",
      "s4_react_adapter_v1/fixture.cpp": "4b2c657883a5b337557ce870ce6143a21bae7d06952991356042a6927f21e81f",
      "s4_react_adapter_v1/build/react_host.cpp": "c2f5db2d2fa10aa7c140b38d2651c55e0dd89b37e95ae770b5660aa8048d33ea",
      "s4_react_adapter_v1/build/react_combat.cpp": "f111424a171052dafcb3481f7e288719f1996ad28ddc5b2e02158fc61470de22",
      "s4_react_adapter_v1/build/react_rules.cpp": "06885338b239a0b4884fb6625476441dbf135e35004c9a082becf933ac55095e",
      "s4_shape_lab_v6/build.py": "f9f71215fadf632cb51282b42211bf308eeb208d06bc1ca343bed13b53d01549",
      "s4_shape_lab_v6/timing.cpp": "4d7fe035b7965e7f6d67ab14246f9e91fb612402c4b3f9e23ff32ad57cf025ca",
      "s4_shape_lab_v6/timing.h": "985ffab8edbcc2c50e838adbd099212e90037bc8f8183fc476ba03040507eaf4",
      "s4_shape_lab_v6/shapes.cpp": "2dc3f58cc08933324785bb8ed57e0def3c2180d092096234f90906c13a374145",
      "s4_shape_lab_v6/shapes.h": "29774e7fa71cd49b88e312b655b595859721209cd9517b9671c69aed10d17d10",
      "s4_shape_lab_v6/PLANNER_STATES.json": "1bad745b19afaa8046e1b033e399a881a3d8413f71d678e40c62ddfc1fa5aa9f",
      "s4_shape_lab_v6/fixture.cpp": "159d6059f03694bf582c9663ee90f956523fb5654916a498c40baeae2a8b513a",
      "s4_shape_lab_v6/build/lean_observer.cpp": "ad0e35d727327bfa7feb055b44ad447cdfe9ce8dbf7226fcd14657798e632a6b",
      "s4_shape_lab_v6/build/planner_copy.cpp": "147e21932b62a19717d3d94a36d429970628aecba0cdc17df1f4ca4a9d689266",
      "s4_shape_lab_v6/build/v5_abilities.cpp": "e255ecbd199d0775115ea83c49f80b45259a15be935199d7cc4d179e7a0cbc3f",
      "s4_shape_lab_v6/build/react.h": "12f027c89eecb2059e243e2be3cca177913d03270d82c71382fd23f753d35e21",
      "s4_shape_lab_v6/build/lean_host.cpp": "ad63fd55883e6f7bd9638fc974f60121cc4da0f60f3f021674f3d4841840159c",
      "s4_shape_lab_v6/build/react_combat.cpp": "7ee8e97ccc865e93e300f51243915f860a9bf950420de9d3fb6845f63bf543a4",
      "s4_shape_lab_v6/build/react_rules.cpp": "ea4f35d40833b87a740504b662baacd10477ff4db490c30fd9e33e1ea8602a97",
      "s4_shape_lab_v6/build/adapter_fixture.cpp": "4b2c657883a5b337557ce870ce6143a21bae7d06952991356042a6927f21e81f",
      "s4_shape_lab_v6/build/react.cpp": "4cbd7315966950ef7b558abf0eaf2621cec1b4e8fd4971024093b63ad6550b2b",
      "s4_shape_lab_v6/build/central_gate.cpp": "c8ab10312055a221c48489915f15ddc6d386ab4c7af45b92f43414cfea394c26",
      "s4_shape_lab_v6/build/dispatch.cpp": "27458b4701a4517673ed6da7c9886ab07a8d24fc6ed9ea528d79838d7eebf5f8"
    },
    "engine": "shape_lab_v6",
    "scope": "native_complete_engine",
    "sanitized": false,
    "portable": false
  },
  "fixture_identity": {
    "manifest_sha256": "c0b3a19c401b83c8427bb2c2fac1d60a9b779da560f9f3535100cb09f30c5167",
    "binary_sha256": "dcec180259b92050daca4216e56c6e00f26ea5ba915e712f5b808dad5eb1bbbe",
    "sources": {
      "src/native/host_observer_v1.cpp": "5310d9e2d4002f3c733f42bae229948d199344eb48771df4b794c14772b818da",
      "src/native/observer_v1_config_codec.cpp": "9b1113a2c7678518a5fbda76c6738b0315509d42f9598118b8e6cf0343d0d53d",
      "native_s4_attribution_contract.cpp": "123470b010b966bda323eca35769f8f2846843152610c1fb37e9f50cfb53c8d1",
      "native_s4_v6_contract.cpp": "3ee40bf50fbb5f4e73747e0349d776e2fa00a0b9389a12a8e02434b20b22a5ce",
      "src/native/s4_v6_complex.cpp": "06516b01e7d00f8338ea9866a46088a3c40d191c07a7d1ab63a884326b22d5bd",
      "src/native/s4_v6_controller.cpp": "25a0733cc3081fa298fc1664fa4c5a481e5b7a0aea8d6d6cbb1025808757142f",
      "src/native/observer_v1_dispatch.cpp": "9b2948d9aeac9b8a540f8a9f0a546b539ef71b6e4765359f95421bad05547291",
      "src/native/observer_v1.cpp": "a097acdd4550bc872e6ad41b4bb7a94459465864633a05d4d9e0dc443a8ba53f",
      "src/native/observer_v1_world.cpp": "e0bd24fe14d74888de9461c122a25e2c2d20b20d5777eaa43a8ae9d57c0596c5",
      "src/native/combat.cpp": "aaff544aff2e793fdad8bac130d99fbe9e8c6d7c3ea9d6d6e2a9f17ef604bab8",
      "src/native/spatial.cpp": "36232999e40db2bd261c0e757a85b97ecdda7b1186bbe670d50f9e08c8ce0741",
      "src/native/observer_v1_combat_rules.cpp": "4d94b9694831f5a35e95c0c048480397a50f2c2e08694a8227305e66e8a64aa0",
      "src/native/observer_v1_abilities.cpp": "4e4ada09b18947c76243220a7a56d3a2a966f40982c29a7856cc8239359b7e71",
      "src/native/player.cpp": "06916e242a984af10ac3e09ef2df06ad701847ffa4d74ade8ae17595b0333e21",
      "src/native/formation.cpp": "64dbbc07256450e19189bba59fe8013a30942a4d0230e5f8b52f5a751bcfe7bf",
      "src/native/formation_tables.cpp": "89ca27a08042c51a37c9381bcda328887d10c2e63147504b87f033bae7a65762",
      "src/native/commander.cpp": "0db5a3cfefcbb97c201be018e55b1051dfa183b108ad56ffa3720b479c63e2c0",
      "src/native/targeting.cpp": "3e7fffa60b6666af347584b61ec1880b9b9d5ca52fcaafdecfff5bff6d536007",
      "src/native/coord_abilities.cpp": "12646a05ec0a550173dc7daa897c2bc5d19063e81fa2961601670e8042d1bb94",
      "src/native/observer_v1_dodge.cpp": "1d8ed458e5ce381fbe06fff5bb96d8fb97f908c0a6b5638c5a5e389ca73e4716",
      "src/native/decisions.cpp": "6605405b679ae7ab445c47f2c2042e78234a43325ece442c784fc70ea9d8008d",
      "src/native/director.cpp": "78096462fab3672b812c42049e44303ac688aced67db39b935bc8e9723dcbb4c",
      "src/native/network.cpp": "49beea40bed8ccec2115f710a4c663bd73c55177f0b210ed4031b0ed042c8cfb",
      "src/native/network_tables.cpp": "56aa467c828967ae50bdf2cfac2afa9090c0942037812559aa92088d6da61eba",
      "src/native/search.cpp": "0654f951cc474a82371288362c94236f21774d1d4f035b4f1be909c2e0dc7d45",
      "src/native/artillery_prediction.cpp": "978ad06ba53a125dc876ea80c121fb03f25feb09abe44436f3c42f6f653e1e48",
      "src/native/artillery.cpp": "78258a7904923317042daefe9c2224bbdf8efb87f8ee80a1c8f56aba28cacc1d",
      "src/native/api.cpp": "f3c6e6b65cd35a1dbd98c63638775b19cf57465c24011e3017896ec5a89587a2",
      "src/native/controller.cpp": "d5a4057f66328a5713e42cf58186f808c54da4c242b126cbd8096940331e7067",
      "src/native/controller_bridge.cpp": "552441223f9198b59c18a1e2b5d416747ad4d842eb691ba6a1cbd383a84864f3",
      "src/native/s3_controller.cpp": "16e46078d01c45211836ff0e2a06a9e9e660233d49dffc301a660ca25c0d8eb3",
      "src/native/s3_diagnostics.cpp": "64fd88e20358e2fd37c53e2e259570a858070ce655c52ea33bf9be3f77a628e0",
      "src/builtins.h": "7fcd2fba1ec05aa2b671cb2acb9012a11c73ca827c932c159dc7db787624aed6",
      "src/formation_sim.h": "364dfea1b77be5743b14ba31a8368c11ea264a6ce513dffe7d32727a56e789c2",
      "src/js_value.h": "bb028815111ddbab5ffe8aa3de98f1076b2420d605104336c970e332f783c32c",
      "src/native/api.h": "522d167e438ba35816997481222928a86d8cba549f0ce7384a6ec55cddd405d7",
      "src/native/artillery.h": "ca419ce466ef179db05b91bc55ffbd692e3c88395c984d5788ba1d48f91bd673",
      "src/native/catalog_data.h": "11b3bfc9fae461509df0c04480f2d46fc7ab6a92653bdfe685f9590937d05e60",
      "src/native/config.h": "46885b50acbea548245fce3f521da1ae089e3bd6c2b68588ce28662f989af6d1",
      "src/native/config_codec.h": "9fa1fd74ae4e1c3fa9d7727796727043bc8c755cb8af01201cd78fda089ac4e2",
      "src/native/controller.h": "4cf40354b137641a81d7d283a9c4cb3c0d2474de29dc8e8482dc149be82784df",
      "src/native/controller_bridge.h": "b343c0391b8fa40768a1993d7ed4195cfeb3fda8f9ed431af275c71f35a81269",
      "src/native/formation.h": "ed44d737410f829bdb35a579fac22292baf700fed14588f4cdffe8c6bb8b8471",
      "src/native/formation_types.h": "c8c93366a082de03b0667c34ba5c0a50a4181f9f6de18d17ee7272f21a59fbf9",
      "src/native/geometry.h": "7ce862ed036dd7c9a3cd78269648db33072888a5434c9e0d6528649a2e825364",
      "src/native/nearest_kernel.h": "6db41f9ccf4960dd1b9448e34f02f0f39224fc27854a390f0042214ef059d26d",
      "src/native/observer_v1.h": "7caf145837560e2c57fd980fda7990fe333f8e50e37d21e92a064e1bc7b41c63",
      "src/native/rng.h": "2fcc6197704f4de20bf4041136828b15fd30fe7bea9d83e8500254b95a625083",
      "src/native/s3_controller.h": "a85226be3bf0b07d95db04c6391786bc3cdbce458b18d24f26921f285877d238",
      "src/native/s3_diagnostics.h": "f0576d0fd884e6747055f4064a54e430a72c0278d8a3c9923b72068c66fe4246",
      "src/native/s4_v6_complex.h": "e1219968480b3456f614e7f189220bf01ace2fa534229bfd5c754ad8c36c2af6",
      "src/native/s4_v6_controller.h": "7d25d27ef511a84149d63bf6c56bc0ae1239c0ea3e8b874bb33cefd60ba70ec5",
      "src/native/search.h": "10f29ee0a1e4fb25f7cf84a9b497d572a2efdcf4eee9a54d5aa0b94afaa31dea",
      "src/native/search_types.h": "d3eb146f977efc9bfd8ed19aa65e9333696a71a4cd8d3e0a7466fe974cdbb058",
      "src/native/spatial.h": "b5e7368e713a6696d48fb5843c88d0dbbb8b6981752ee8655a3cf6957c2181a1",
      "src/native/types.h": "18bfeedc17d5c765c57a4b00c5de55633b0a95684beb6f770c3d5a1e53eb0648",
      "src/native/world.h": "94728d6e44facb17e5016ec80e8dcd13d31066c9be33006ee21390303e4acd41",
      "src/v8_ieee754.h": "72a68fcc9d908180c9dff5eced89b1b12b4ad9df68b1886b0307ab82104b5855",
      "build_observer_v1.py": "907e6679fdb919f3484e3c2676cd7b41a140d139d7845d01d99cf0221c86f39e",
      "build.py": "831e83565a982d33cf2c4d2f3b23b0eaf6516e53fd39e02f1994dc1765a7289d",
      "native_s4_v4_contract.cpp": "e92b2bd34450745dfc0d951f2817bb9ac218cf838b82d7926651ff12faf59a1d",
      "s4_attribution_checks/baseline_native/v4_contract.cpp": "e523a5a573a61559a60ffc6cc1d94ca131887469cb537415a619624bc044e06d",
      "s4_attribution_checks/baseline_native/s3_controller.cpp": "c8f622c49b7e1dca889a8a0ad853e9973dbce091d4e73234a6479890a99731a5",
      "s4_attribution_checks/baseline_native/s3_controller.h": "fd49e2729a27269937963dcdf9b2a20198a3f70cc3636d97dd8aa9de0a45f9ec",
      "src/native/config_codec.cpp": "c772d41e42b92dbc44992bb7a46c870fb2b4cbda819140bd4c50b394456221b1",
      "src/native/world.cpp": "f121972faa8d48378c47e222c28af182da5645c29fd2236b532d7ff8c4236c24",
      "src/native/combat_rules.cpp": "fdbd5a90723a9a238902025229604e0c573a3c5d4caa38e164305140496117f5",
      "src/native/abilities.cpp": "4f3953fb384104ed31a6e5be552407eaf25c0f77c230205983722a7557aa17bd",
      "src/native/dodge.cpp": "444f2d6f6e926bca805f4d177f40f38fea30bc7915d526627f7f19bf4b1d67b2",
      "src/native/host_v6.cpp": "a396440c3f713b4b5b631b12c5560bf0effa195e7bfedca8752c823f4df1dabc",
      "src/native/s4_v6_dispatch.cpp": "a8c6f6624eb464062ccb27107bec39996fd3ba89b93d718f4dbe28721c420af5",
      "src/native/s4_focus_probe_v1.cpp": "885c32c2082205f2383ce8bd595783a640d2c5d3d1482d8e0c4d0d71416d8f50",
      "src/native/s4_focus_probe_v1_dispatch.cpp": "f85dab87a2e759811878b20d5be9c2b2c9c6a8d335f11ba04071b43f143f93d3",
      "src/native/s4_focus_probe_v1.h": "2ef121b935519fb8b5fb9e93bdd7f5cbfef622165e8c984eff3df6e5480f3f24",
      "build_focus_probe_v1.py": "b7e9901eb7f06821e8e6075648213f8d990723e6f04c4654ac1b442ab220624c",
      "s4_spacing_probe_v1/spacing.h": "5af4793d81dbcd26a8b1439c00b25fc31fc54f570efad8f849d50b9f63709ff1",
      "s4_spacing_probe_v1/fixture.cpp": "60ecde5201e4e340bbca4869ad08eb8539972afa31dca4bd8eb2fbc01a7827a8",
      "s4_spacing_probe_v1/spacing.cpp": "e5d824a958dad14df1625f481356fad17015058db994089344949a152f4730d7",
      "s4_spacing_probe_v1/dispatch.cpp": "22ddfcac6cedc4d46aa2938bfd7bb37a60a288a2aba6eaef4d13491d1786761c",
      "s4_spacing_probe_v1/host.cpp": "6f6009a8778be9d7894b2eaac611ea9beafc736562cecf22946d84d69b55bb6d",
      "s4_escort_probe_v1/escort.cpp": "2d83e7daf3d794be3b5943aa3c472b1f0e9db52afe60027c122804e8f86c2fd6",
      "s4_escort_probe_v1/fixture.cpp": "912c2e294d2bfa363968f6ec19f6099d4c8e670927eee42c8dc0b6f3bc1661ee",
      "s4_escort_probe_v1/dispatch.cpp": "833dea6686477263b957cca86387a8348d68316034ce96dca4f7ae0ccef588d7",
      "s4_escort_probe_v1/host.cpp": "95fd50c65969f4393567264c01e7ec9e3e47dd6e3358e289f0862eae0d66488c",
      "s4_escort_probe_v1/escort.h": "121e2feb6669f7d3e321712633676511ca61e7ce8beaa4c4302a81b813fd9281",
      "s4_escort_probe_v3/escort.cpp": "5ca072d71b4660958e8c126ac563c70a707281c000260b5afd0ba9595fbab229",
      "s4_escort_probe_v3/fixture.cpp": "1f3e6fa8c709de1b1aff525af3deb050bc87cb6093d99b055bb5ca8a49ac30a7",
      "s4_escort_probe_v3/dispatch.cpp": "328874f48286cdf9bb602d844e343cfb1c7fb6d1916a943bdd0edf1334d0e9b6",
      "s4_escort_probe_v3/host.cpp": "ec55b0f1b1851725cb4a78e5cc9f2d2e4bf34e41e9544de19fcd77559d1c8dcf",
      "s4_escort_probe_v3/escort.h": "b5674ff233bbbb536df0bfdb186285a2ce147c2b3e83376c8fede36c1bdfbcda",
      "src/native/s4_v7_dispatch.cpp": "79c0a33f3742d40e60cfebc804dfd4d5004a95128882a6bc68baf88f143f8634",
      "src/native/s4_v7_fixture.cpp": "18bfd35845a2c16d1459581c7c2c24e7401b8eff427d994ab778e964b833350e",
      "src/native/s4_v7_controller.h": "6b9d73571f3a03bf872a5429eb23b0874b23e82b07c10bb360af067afd764909",
      "src/native/s4_v7_host.cpp": "1a41ce67523d48526e4e6e6c1a15a2949bd8e5ba8696a7a13f9f25a2b69cc6a9",
      "src/native/s4_v7_controller.cpp": "31ca158591312ad3964968949f6697778e735971592c5cd51aaabdbdb0750302",
      "s4_shape_lab_v1/lab_native.h": "c9f9e112e2266864bbc7515101e6db57236dedb137990893fd4afc43bf1a6eef",
      "s4_shape_lab_v1/lab_dispatch.cpp": "35b62ca580f40bef28a89d8ee548aec278175f8d131879ea5a428a3ef76150a8",
      "s4_shape_lab_v1/build/lab_v7_dispatch.cpp": "b43eaa7c3faa93f0533d7fcbd064b996c34ce188e4da820b5f3bcc9e3acf2a05",
      "s4_shape_lab_v1/build/lab_host.cpp": "37557d3b793463753b9cc696a65132b370f18730b50512383c4b02407a5d0a46",
      "s4_shape_lab_v1/build/lab_combat.cpp": "7db2fb34c39eb7b5b4e2a32ef8795bbddd4c21ca4f4a8a80f282d9e09d18cf91",
      "s4_react_adapter_v1/build.py": "7f2a1302566b07e6360f36fd166e30864cc7d2df50cafe5d25a234d496e8798f",
      "s4_react_adapter_v1/react.h": "a27b0f8d6c8a9097927cfc77eed2474c670274aed1da1d17c87bd172a3a085d2",
      "s4_react_adapter_v1/react.cpp": "91ade5b24e0333652f46e7e2f3aeb5717ad13dbd3adbdabd902f982fc53093b1",
      "s4_react_adapter_v1/dispatch.cpp": "7087de38c74a301097830532c5f15bb6cca64b22ecd8f42ef3d0811287247a8c",
      "s4_react_adapter_v1/fixture.cpp": "4b2c657883a5b337557ce870ce6143a21bae7d06952991356042a6927f21e81f",
      "s4_react_adapter_v1/build/react_host.cpp": "c2f5db2d2fa10aa7c140b38d2651c55e0dd89b37e95ae770b5660aa8048d33ea",
      "s4_react_adapter_v1/build/react_combat.cpp": "f111424a171052dafcb3481f7e288719f1996ad28ddc5b2e02158fc61470de22",
      "s4_react_adapter_v1/build/react_rules.cpp": "06885338b239a0b4884fb6625476441dbf135e35004c9a082becf933ac55095e",
      "s4_shape_lab_v6/build.py": "f9f71215fadf632cb51282b42211bf308eeb208d06bc1ca343bed13b53d01549",
      "s4_shape_lab_v6/timing.cpp": "4d7fe035b7965e7f6d67ab14246f9e91fb612402c4b3f9e23ff32ad57cf025ca",
      "s4_shape_lab_v6/timing.h": "985ffab8edbcc2c50e838adbd099212e90037bc8f8183fc476ba03040507eaf4",
      "s4_shape_lab_v6/shapes.cpp": "2dc3f58cc08933324785bb8ed57e0def3c2180d092096234f90906c13a374145",
      "s4_shape_lab_v6/shapes.h": "29774e7fa71cd49b88e312b655b595859721209cd9517b9671c69aed10d17d10",
      "s4_shape_lab_v6/PLANNER_STATES.json": "1bad745b19afaa8046e1b033e399a881a3d8413f71d678e40c62ddfc1fa5aa9f",
      "s4_shape_lab_v6/fixture.cpp": "159d6059f03694bf582c9663ee90f956523fb5654916a498c40baeae2a8b513a",
      "s4_shape_lab_v6/build/lean_observer.cpp": "ad0e35d727327bfa7feb055b44ad447cdfe9ce8dbf7226fcd14657798e632a6b",
      "s4_shape_lab_v6/build/planner_copy.cpp": "147e21932b62a19717d3d94a36d429970628aecba0cdc17df1f4ca4a9d689266",
      "s4_shape_lab_v6/build/v5_abilities.cpp": "e255ecbd199d0775115ea83c49f80b45259a15be935199d7cc4d179e7a0cbc3f",
      "s4_shape_lab_v6/build/react.h": "12f027c89eecb2059e243e2be3cca177913d03270d82c71382fd23f753d35e21",
      "s4_shape_lab_v6/build/lean_host.cpp": "ad63fd55883e6f7bd9638fc974f60121cc4da0f60f3f021674f3d4841840159c",
      "s4_shape_lab_v6/build/react_combat.cpp": "7ee8e97ccc865e93e300f51243915f860a9bf950420de9d3fb6845f63bf543a4",
      "s4_shape_lab_v6/build/react_rules.cpp": "ea4f35d40833b87a740504b662baacd10477ff4db490c30fd9e33e1ea8602a97",
      "s4_shape_lab_v6/build/adapter_fixture.cpp": "4b2c657883a5b337557ce870ce6143a21bae7d06952991356042a6927f21e81f",
      "s4_shape_lab_v6/build/react.cpp": "4cbd7315966950ef7b558abf0eaf2621cec1b4e8fd4971024093b63ad6550b2b",
      "s4_shape_lab_v6/build/central_gate.cpp": "c8ab10312055a221c48489915f15ddc6d386ab4c7af45b92f43414cfea394c26",
      "s4_shape_lab_v6/build/dispatch.cpp": "27458b4701a4517673ed6da7c9886ab07a8d24fc6ed9ea528d79838d7eebf5f8"
    },
    "engine": "shape_lab_v6",
    "scope": "native_complete_engine",
    "sanitized": false,
    "portable": false
  },
  "adapter_fixture_identity": {
    "manifest_sha256": "0eb69d8351e82d0f209a7a29c976b1c2444f97f8fb0c363ba9a1214b027ed151",
    "binary_sha256": "813709f0f4492653d064d71ce681ebf7a37bbc6a179c54cbf6556c97c4918b9e",
    "sources": {
      "src/native/host_observer_v1.cpp": "5310d9e2d4002f3c733f42bae229948d199344eb48771df4b794c14772b818da",
      "src/native/observer_v1_config_codec.cpp": "9b1113a2c7678518a5fbda76c6738b0315509d42f9598118b8e6cf0343d0d53d",
      "native_s4_attribution_contract.cpp": "123470b010b966bda323eca35769f8f2846843152610c1fb37e9f50cfb53c8d1",
      "native_s4_v6_contract.cpp": "3ee40bf50fbb5f4e73747e0349d776e2fa00a0b9389a12a8e02434b20b22a5ce",
      "src/native/s4_v6_complex.cpp": "06516b01e7d00f8338ea9866a46088a3c40d191c07a7d1ab63a884326b22d5bd",
      "src/native/s4_v6_controller.cpp": "25a0733cc3081fa298fc1664fa4c5a481e5b7a0aea8d6d6cbb1025808757142f",
      "src/native/observer_v1_dispatch.cpp": "9b2948d9aeac9b8a540f8a9f0a546b539ef71b6e4765359f95421bad05547291",
      "src/native/observer_v1.cpp": "a097acdd4550bc872e6ad41b4bb7a94459465864633a05d4d9e0dc443a8ba53f",
      "src/native/observer_v1_world.cpp": "e0bd24fe14d74888de9461c122a25e2c2d20b20d5777eaa43a8ae9d57c0596c5",
      "src/native/combat.cpp": "aaff544aff2e793fdad8bac130d99fbe9e8c6d7c3ea9d6d6e2a9f17ef604bab8",
      "src/native/spatial.cpp": "36232999e40db2bd261c0e757a85b97ecdda7b1186bbe670d50f9e08c8ce0741",
      "src/native/observer_v1_combat_rules.cpp": "4d94b9694831f5a35e95c0c048480397a50f2c2e08694a8227305e66e8a64aa0",
      "src/native/observer_v1_abilities.cpp": "4e4ada09b18947c76243220a7a56d3a2a966f40982c29a7856cc8239359b7e71",
      "src/native/player.cpp": "06916e242a984af10ac3e09ef2df06ad701847ffa4d74ade8ae17595b0333e21",
      "src/native/formation.cpp": "64dbbc07256450e19189bba59fe8013a30942a4d0230e5f8b52f5a751bcfe7bf",
      "src/native/formation_tables.cpp": "89ca27a08042c51a37c9381bcda328887d10c2e63147504b87f033bae7a65762",
      "src/native/commander.cpp": "0db5a3cfefcbb97c201be018e55b1051dfa183b108ad56ffa3720b479c63e2c0",
      "src/native/targeting.cpp": "3e7fffa60b6666af347584b61ec1880b9b9d5ca52fcaafdecfff5bff6d536007",
      "src/native/coord_abilities.cpp": "12646a05ec0a550173dc7daa897c2bc5d19063e81fa2961601670e8042d1bb94",
      "src/native/observer_v1_dodge.cpp": "1d8ed458e5ce381fbe06fff5bb96d8fb97f908c0a6b5638c5a5e389ca73e4716",
      "src/native/decisions.cpp": "6605405b679ae7ab445c47f2c2042e78234a43325ece442c784fc70ea9d8008d",
      "src/native/director.cpp": "78096462fab3672b812c42049e44303ac688aced67db39b935bc8e9723dcbb4c",
      "src/native/network.cpp": "49beea40bed8ccec2115f710a4c663bd73c55177f0b210ed4031b0ed042c8cfb",
      "src/native/network_tables.cpp": "56aa467c828967ae50bdf2cfac2afa9090c0942037812559aa92088d6da61eba",
      "src/native/search.cpp": "0654f951cc474a82371288362c94236f21774d1d4f035b4f1be909c2e0dc7d45",
      "src/native/artillery_prediction.cpp": "978ad06ba53a125dc876ea80c121fb03f25feb09abe44436f3c42f6f653e1e48",
      "src/native/artillery.cpp": "78258a7904923317042daefe9c2224bbdf8efb87f8ee80a1c8f56aba28cacc1d",
      "src/native/api.cpp": "f3c6e6b65cd35a1dbd98c63638775b19cf57465c24011e3017896ec5a89587a2",
      "src/native/controller.cpp": "d5a4057f66328a5713e42cf58186f808c54da4c242b126cbd8096940331e7067",
      "src/native/controller_bridge.cpp": "552441223f9198b59c18a1e2b5d416747ad4d842eb691ba6a1cbd383a84864f3",
      "src/native/s3_controller.cpp": "16e46078d01c45211836ff0e2a06a9e9e660233d49dffc301a660ca25c0d8eb3",
      "src/native/s3_diagnostics.cpp": "64fd88e20358e2fd37c53e2e259570a858070ce655c52ea33bf9be3f77a628e0",
      "src/builtins.h": "7fcd2fba1ec05aa2b671cb2acb9012a11c73ca827c932c159dc7db787624aed6",
      "src/formation_sim.h": "364dfea1b77be5743b14ba31a8368c11ea264a6ce513dffe7d32727a56e789c2",
      "src/js_value.h": "bb028815111ddbab5ffe8aa3de98f1076b2420d605104336c970e332f783c32c",
      "src/native/api.h": "522d167e438ba35816997481222928a86d8cba549f0ce7384a6ec55cddd405d7",
      "src/native/artillery.h": "ca419ce466ef179db05b91bc55ffbd692e3c88395c984d5788ba1d48f91bd673",
      "src/native/catalog_data.h": "11b3bfc9fae461509df0c04480f2d46fc7ab6a92653bdfe685f9590937d05e60",
      "src/native/config.h": "46885b50acbea548245fce3f521da1ae089e3bd6c2b68588ce28662f989af6d1",
      "src/native/config_codec.h": "9fa1fd74ae4e1c3fa9d7727796727043bc8c755cb8af01201cd78fda089ac4e2",
      "src/native/controller.h": "4cf40354b137641a81d7d283a9c4cb3c0d2474de29dc8e8482dc149be82784df",
      "src/native/controller_bridge.h": "b343c0391b8fa40768a1993d7ed4195cfeb3fda8f9ed431af275c71f35a81269",
      "src/native/formation.h": "ed44d737410f829bdb35a579fac22292baf700fed14588f4cdffe8c6bb8b8471",
      "src/native/formation_types.h": "c8c93366a082de03b0667c34ba5c0a50a4181f9f6de18d17ee7272f21a59fbf9",
      "src/native/geometry.h": "7ce862ed036dd7c9a3cd78269648db33072888a5434c9e0d6528649a2e825364",
      "src/native/nearest_kernel.h": "6db41f9ccf4960dd1b9448e34f02f0f39224fc27854a390f0042214ef059d26d",
      "src/native/observer_v1.h": "7caf145837560e2c57fd980fda7990fe333f8e50e37d21e92a064e1bc7b41c63",
      "src/native/rng.h": "2fcc6197704f4de20bf4041136828b15fd30fe7bea9d83e8500254b95a625083",
      "src/native/s3_controller.h": "a85226be3bf0b07d95db04c6391786bc3cdbce458b18d24f26921f285877d238",
      "src/native/s3_diagnostics.h": "f0576d0fd884e6747055f4064a54e430a72c0278d8a3c9923b72068c66fe4246",
      "src/native/s4_v6_complex.h": "e1219968480b3456f614e7f189220bf01ace2fa534229bfd5c754ad8c36c2af6",
      "src/native/s4_v6_controller.h": "7d25d27ef511a84149d63bf6c56bc0ae1239c0ea3e8b874bb33cefd60ba70ec5",
      "src/native/search.h": "10f29ee0a1e4fb25f7cf84a9b497d572a2efdcf4eee9a54d5aa0b94afaa31dea",
      "src/native/search_types.h": "d3eb146f977efc9bfd8ed19aa65e9333696a71a4cd8d3e0a7466fe974cdbb058",
      "src/native/spatial.h": "b5e7368e713a6696d48fb5843c88d0dbbb8b6981752ee8655a3cf6957c2181a1",
      "src/native/types.h": "18bfeedc17d5c765c57a4b00c5de55633b0a95684beb6f770c3d5a1e53eb0648",
      "src/native/world.h": "94728d6e44facb17e5016ec80e8dcd13d31066c9be33006ee21390303e4acd41",
      "src/v8_ieee754.h": "72a68fcc9d908180c9dff5eced89b1b12b4ad9df68b1886b0307ab82104b5855",
      "build_observer_v1.py": "907e6679fdb919f3484e3c2676cd7b41a140d139d7845d01d99cf0221c86f39e",
      "build.py": "831e83565a982d33cf2c4d2f3b23b0eaf6516e53fd39e02f1994dc1765a7289d",
      "native_s4_v4_contract.cpp": "e92b2bd34450745dfc0d951f2817bb9ac218cf838b82d7926651ff12faf59a1d",
      "s4_attribution_checks/baseline_native/v4_contract.cpp": "e523a5a573a61559a60ffc6cc1d94ca131887469cb537415a619624bc044e06d",
      "s4_attribution_checks/baseline_native/s3_controller.cpp": "c8f622c49b7e1dca889a8a0ad853e9973dbce091d4e73234a6479890a99731a5",
      "s4_attribution_checks/baseline_native/s3_controller.h": "fd49e2729a27269937963dcdf9b2a20198a3f70cc3636d97dd8aa9de0a45f9ec",
      "src/native/config_codec.cpp": "c772d41e42b92dbc44992bb7a46c870fb2b4cbda819140bd4c50b394456221b1",
      "src/native/world.cpp": "f121972faa8d48378c47e222c28af182da5645c29fd2236b532d7ff8c4236c24",
      "src/native/combat_rules.cpp": "fdbd5a90723a9a238902025229604e0c573a3c5d4caa38e164305140496117f5",
      "src/native/abilities.cpp": "4f3953fb384104ed31a6e5be552407eaf25c0f77c230205983722a7557aa17bd",
      "src/native/dodge.cpp": "444f2d6f6e926bca805f4d177f40f38fea30bc7915d526627f7f19bf4b1d67b2",
      "src/native/host_v6.cpp": "a396440c3f713b4b5b631b12c5560bf0effa195e7bfedca8752c823f4df1dabc",
      "src/native/s4_v6_dispatch.cpp": "a8c6f6624eb464062ccb27107bec39996fd3ba89b93d718f4dbe28721c420af5",
      "src/native/s4_focus_probe_v1.cpp": "885c32c2082205f2383ce8bd595783a640d2c5d3d1482d8e0c4d0d71416d8f50",
      "src/native/s4_focus_probe_v1_dispatch.cpp": "f85dab87a2e759811878b20d5be9c2b2c9c6a8d335f11ba04071b43f143f93d3",
      "src/native/s4_focus_probe_v1.h": "2ef121b935519fb8b5fb9e93bdd7f5cbfef622165e8c984eff3df6e5480f3f24",
      "build_focus_probe_v1.py": "b7e9901eb7f06821e8e6075648213f8d990723e6f04c4654ac1b442ab220624c",
      "s4_spacing_probe_v1/spacing.h": "5af4793d81dbcd26a8b1439c00b25fc31fc54f570efad8f849d50b9f63709ff1",
      "s4_spacing_probe_v1/fixture.cpp": "60ecde5201e4e340bbca4869ad08eb8539972afa31dca4bd8eb2fbc01a7827a8",
      "s4_spacing_probe_v1/spacing.cpp": "e5d824a958dad14df1625f481356fad17015058db994089344949a152f4730d7",
      "s4_spacing_probe_v1/dispatch.cpp": "22ddfcac6cedc4d46aa2938bfd7bb37a60a288a2aba6eaef4d13491d1786761c",
      "s4_spacing_probe_v1/host.cpp": "6f6009a8778be9d7894b2eaac611ea9beafc736562cecf22946d84d69b55bb6d",
      "s4_escort_probe_v1/escort.cpp": "2d83e7daf3d794be3b5943aa3c472b1f0e9db52afe60027c122804e8f86c2fd6",
      "s4_escort_probe_v1/fixture.cpp": "912c2e294d2bfa363968f6ec19f6099d4c8e670927eee42c8dc0b6f3bc1661ee",
      "s4_escort_probe_v1/dispatch.cpp": "833dea6686477263b957cca86387a8348d68316034ce96dca4f7ae0ccef588d7",
      "s4_escort_probe_v1/host.cpp": "95fd50c65969f4393567264c01e7ec9e3e47dd6e3358e289f0862eae0d66488c",
      "s4_escort_probe_v1/escort.h": "121e2feb6669f7d3e321712633676511ca61e7ce8beaa4c4302a81b813fd9281",
      "s4_escort_probe_v3/escort.cpp": "5ca072d71b4660958e8c126ac563c70a707281c000260b5afd0ba9595fbab229",
      "s4_escort_probe_v3/fixture.cpp": "1f3e6fa8c709de1b1aff525af3deb050bc87cb6093d99b055bb5ca8a49ac30a7",
      "s4_escort_probe_v3/dispatch.cpp": "328874f48286cdf9bb602d844e343cfb1c7fb6d1916a943bdd0edf1334d0e9b6",
      "s4_escort_probe_v3/host.cpp": "ec55b0f1b1851725cb4a78e5cc9f2d2e4bf34e41e9544de19fcd77559d1c8dcf",
      "s4_escort_probe_v3/escort.h": "b5674ff233bbbb536df0bfdb186285a2ce147c2b3e83376c8fede36c1bdfbcda",
      "src/native/s4_v7_dispatch.cpp": "79c0a33f3742d40e60cfebc804dfd4d5004a95128882a6bc68baf88f143f8634",
      "src/native/s4_v7_fixture.cpp": "18bfd35845a2c16d1459581c7c2c24e7401b8eff427d994ab778e964b833350e",
      "src/native/s4_v7_controller.h": "6b9d73571f3a03bf872a5429eb23b0874b23e82b07c10bb360af067afd764909",
      "src/native/s4_v7_host.cpp": "1a41ce67523d48526e4e6e6c1a15a2949bd8e5ba8696a7a13f9f25a2b69cc6a9",
      "src/native/s4_v7_controller.cpp": "31ca158591312ad3964968949f6697778e735971592c5cd51aaabdbdb0750302",
      "s4_shape_lab_v1/lab_native.h": "c9f9e112e2266864bbc7515101e6db57236dedb137990893fd4afc43bf1a6eef",
      "s4_shape_lab_v1/lab_dispatch.cpp": "35b62ca580f40bef28a89d8ee548aec278175f8d131879ea5a428a3ef76150a8",
      "s4_shape_lab_v1/build/lab_v7_dispatch.cpp": "b43eaa7c3faa93f0533d7fcbd064b996c34ce188e4da820b5f3bcc9e3acf2a05",
      "s4_shape_lab_v1/build/lab_host.cpp": "37557d3b793463753b9cc696a65132b370f18730b50512383c4b02407a5d0a46",
      "s4_shape_lab_v1/build/lab_combat.cpp": "7db2fb34c39eb7b5b4e2a32ef8795bbddd4c21ca4f4a8a80f282d9e09d18cf91",
      "s4_react_adapter_v1/build.py": "7f2a1302566b07e6360f36fd166e30864cc7d2df50cafe5d25a234d496e8798f",
      "s4_react_adapter_v1/react.h": "a27b0f8d6c8a9097927cfc77eed2474c670274aed1da1d17c87bd172a3a085d2",
      "s4_react_adapter_v1/react.cpp": "91ade5b24e0333652f46e7e2f3aeb5717ad13dbd3adbdabd902f982fc53093b1",
      "s4_react_adapter_v1/dispatch.cpp": "7087de38c74a301097830532c5f15bb6cca64b22ecd8f42ef3d0811287247a8c",
      "s4_react_adapter_v1/fixture.cpp": "4b2c657883a5b337557ce870ce6143a21bae7d06952991356042a6927f21e81f",
      "s4_react_adapter_v1/build/react_host.cpp": "c2f5db2d2fa10aa7c140b38d2651c55e0dd89b37e95ae770b5660aa8048d33ea",
      "s4_react_adapter_v1/build/react_combat.cpp": "f111424a171052dafcb3481f7e288719f1996ad28ddc5b2e02158fc61470de22",
      "s4_react_adapter_v1/build/react_rules.cpp": "06885338b239a0b4884fb6625476441dbf135e35004c9a082becf933ac55095e",
      "s4_shape_lab_v6/build.py": "f9f71215fadf632cb51282b42211bf308eeb208d06bc1ca343bed13b53d01549",
      "s4_shape_lab_v6/timing.cpp": "4d7fe035b7965e7f6d67ab14246f9e91fb612402c4b3f9e23ff32ad57cf025ca",
      "s4_shape_lab_v6/timing.h": "985ffab8edbcc2c50e838adbd099212e90037bc8f8183fc476ba03040507eaf4",
      "s4_shape_lab_v6/shapes.cpp": "2dc3f58cc08933324785bb8ed57e0def3c2180d092096234f90906c13a374145",
      "s4_shape_lab_v6/shapes.h": "29774e7fa71cd49b88e312b655b595859721209cd9517b9671c69aed10d17d10",
      "s4_shape_lab_v6/PLANNER_STATES.json": "1bad745b19afaa8046e1b033e399a881a3d8413f71d678e40c62ddfc1fa5aa9f",
      "s4_shape_lab_v6/fixture.cpp": "159d6059f03694bf582c9663ee90f956523fb5654916a498c40baeae2a8b513a",
      "s4_shape_lab_v6/build/lean_observer.cpp": "ad0e35d727327bfa7feb055b44ad447cdfe9ce8dbf7226fcd14657798e632a6b",
      "s4_shape_lab_v6/build/planner_copy.cpp": "147e21932b62a19717d3d94a36d429970628aecba0cdc17df1f4ca4a9d689266",
      "s4_shape_lab_v6/build/v5_abilities.cpp": "e255ecbd199d0775115ea83c49f80b45259a15be935199d7cc4d179e7a0cbc3f",
      "s4_shape_lab_v6/build/react.h": "12f027c89eecb2059e243e2be3cca177913d03270d82c71382fd23f753d35e21",
      "s4_shape_lab_v6/build/lean_host.cpp": "ad63fd55883e6f7bd9638fc974f60121cc4da0f60f3f021674f3d4841840159c",
      "s4_shape_lab_v6/build/react_combat.cpp": "7ee8e97ccc865e93e300f51243915f860a9bf950420de9d3fb6845f63bf543a4",
      "s4_shape_lab_v6/build/react_rules.cpp": "ea4f35d40833b87a740504b662baacd10477ff4db490c30fd9e33e1ea8602a97",
      "s4_shape_lab_v6/build/adapter_fixture.cpp": "4b2c657883a5b337557ce870ce6143a21bae7d06952991356042a6927f21e81f",
      "s4_shape_lab_v6/build/react.cpp": "4cbd7315966950ef7b558abf0eaf2621cec1b4e8fd4971024093b63ad6550b2b",
      "s4_shape_lab_v6/build/central_gate.cpp": "c8ab10312055a221c48489915f15ddc6d386ab4c7af45b92f43414cfea394c26",
      "s4_shape_lab_v6/build/dispatch.cpp": "27458b4701a4517673ed6da7c9886ab07a8d24fc6ed9ea528d79838d7eebf5f8"
    },
    "engine": "shape_lab_v6",
    "scope": "native_complete_engine",
    "sanitized": false,
    "portable": false
  },
  "fights": 0,
  "execution": "sequential nice requested; no fights"
}
