[
  {
    "arm": "P0",
    "head": "regular",
    "n": 20,
    "elimination_wins": 0,
    "timeouts": 20,
    "mean_S": 9.3,
    "mean_enemy_guns_destroyed": 0.55,
    "mean_own_gun_losses": 1.55,
    "mean_own_losses": 31.25,
    "shell_hit_rate": 0.9892857142857143,
    "mean_win_time_s": null,
    "own_losses_per_enemy_kill": 0.7706535141800247,
    "enemy_guns_destroyed": 11,
    "own_gun_losses": 31,
    "own_losses": 625,
    "enemy_units_killed": 811,
    "shell_hits_on_enemy_guns": 277,
    "shells_fired_at_enemy_guns": 280,
    "dodge_events_enemy": 73932,
    "dodge_events_own": 0,
    "p3_held_unit_ticks_inside_enemy_band": 0,
    "p3_held_unit_ticks": 0,
    "targeted_gun_release_ticks": 264,
    "release_ticks_ge3_guns": 0,
    "release_ticks_ge3_distinct_targets": 0
  },
  {
    "arm": "P0",
    "head": "novice",
    "n": 20,
    "elimination_wins": 14,
    "timeouts": 0,
    "mean_S": 4.4,
    "mean_enemy_guns_destroyed": 8.9,
    "mean_own_gun_losses": 7.1,
    "mean_own_losses": 44.5,
    "shell_hit_rate": 0.9713774597495528,
    "mean_win_time_s": 52.276190476190074,
    "own_losses_per_enemy_kill": 0.9100204498977505,
    "enemy_guns_destroyed": 178,
    "own_gun_losses": 142,
    "own_losses": 890,
    "enemy_units_killed": 978,
    "shell_hits_on_enemy_guns": 543,
    "shells_fired_at_enemy_guns": 559,
    "dodge_events_enemy": 0,
    "dodge_events_own": 0,
    "p3_held_unit_ticks_inside_enemy_band": 0,
    "p3_held_unit_ticks": 0,
    "targeted_gun_release_ticks": 533,
    "release_ticks_ge3_guns": 1,
    "release_ticks_ge3_distinct_targets": 0
  },
  {
    "arm": "P1",
    "head": "regular",
    "n": 20,
    "elimination_wins": 0,
    "timeouts": 19,
    "mean_S": -25.35,
    "mean_enemy_guns_destroyed": 0.35,
    "mean_own_gun_losses": 5.2,
    "mean_own_losses": 36.05,
    "shell_hit_rate": 0.9703389830508474,
    "mean_win_time_s": null,
    "own_losses_per_enemy_kill": 3.369158878504673,
    "enemy_guns_destroyed": 7,
    "own_gun_losses": 104,
    "own_losses": 721,
    "enemy_units_killed": 214,
    "shell_hits_on_enemy_guns": 229,
    "shells_fired_at_enemy_guns": 236,
    "dodge_events_enemy": 2040,
    "dodge_events_own": 0,
    "p3_held_unit_ticks_inside_enemy_band": 0,
    "p3_held_unit_ticks": 0,
    "targeted_gun_release_ticks": 92,
    "release_ticks_ge3_guns": 45,
    "release_ticks_ge3_distinct_targets": 0
  },
  {
    "arm": "P1",
    "head": "novice",
    "n": 20,
    "elimination_wins": 0,
    "timeouts": 0,
    "mean_S": -37.6,
    "mean_enemy_guns_destroyed": 0.4,
    "mean_own_gun_losses": 10.0,
    "mean_own_losses": 50.0,
    "shell_hit_rate": 0.9572649572649573,
    "mean_win_time_s": null,
    "own_losses_per_enemy_kill": 4.032258064516129,
    "enemy_guns_destroyed": 8,
    "own_gun_losses": 200,
    "own_losses": 1000,
    "enemy_units_killed": 248,
    "shell_hits_on_enemy_guns": 112,
    "shells_fired_at_enemy_guns": 117,
    "dodge_events_enemy": 0,
    "dodge_events_own": 0,
    "p3_held_unit_ticks_inside_enemy_band": 0,
    "p3_held_unit_ticks": 0,
    "targeted_gun_release_ticks": 54,
    "release_ticks_ge3_guns": 18,
    "release_ticks_ge3_distinct_targets": 0
  },
  {
    "arm": "P2",
    "head": "regular",
    "n": 20,
    "elimination_wins": 0,
    "timeouts": 19,
    "mean_S": -25.75,
    "mean_enemy_guns_destroyed": 0.1,
    "mean_own_gun_losses": 5.25,
    "mean_own_losses": 36.05,
    "shell_hit_rate": 0.9940119760479041,
    "mean_win_time_s": null,
    "own_losses_per_enemy_kill": 3.5,
    "enemy_guns_destroyed": 2,
    "own_gun_losses": 105,
    "own_losses": 721,
    "enemy_units_killed": 206,
    "shell_hits_on_enemy_guns": 166,
    "shells_fired_at_enemy_guns": 167,
    "dodge_events_enemy": 3048,
    "dodge_events_own": 0,
    "p3_held_unit_ticks_inside_enemy_band": 0,
    "p3_held_unit_ticks": 0,
    "targeted_gun_release_ticks": 73,
    "release_ticks_ge3_guns": 29,
    "release_ticks_ge3_distinct_targets": 13
  },
  {
    "arm": "P2",
    "head": "novice",
    "n": 20,
    "elimination_wins": 0,
    "timeouts": 0,
    "mean_S": -38.3,
    "mean_enemy_guns_destroyed": 0.0,
    "mean_own_gun_losses": 10.0,
    "mean_own_losses": 50.0,
    "shell_hit_rate": 0.9367088607594937,
    "mean_win_time_s": null,
    "own_losses_per_enemy_kill": 4.273504273504273,
    "enemy_guns_destroyed": 0,
    "own_gun_losses": 200,
    "own_losses": 1000,
    "enemy_units_killed": 234,
    "shell_hits_on_enemy_guns": 74,
    "shells_fired_at_enemy_guns": 79,
    "dodge_events_enemy": 0,
    "dodge_events_own": 0,
    "p3_held_unit_ticks_inside_enemy_band": 0,
    "p3_held_unit_ticks": 0,
    "targeted_gun_release_ticks": 41,
    "release_ticks_ge3_guns": 10,
    "release_ticks_ge3_distinct_targets": 6
  },
  {
    "arm": "P3",
    "head": "regular",
    "n": 20,
    "elimination_wins": 0,
    "timeouts": 19,
    "mean_S": -15.8,
    "mean_enemy_guns_destroyed": 0.15,
    "mean_own_gun_losses": 2.4,
    "mean_own_losses": 25.0,
    "shell_hit_rate": 0.9606299212598425,
    "mean_win_time_s": null,
    "own_losses_per_enemy_kill": 2.717391304347826,
    "enemy_guns_destroyed": 3,
    "own_gun_losses": 48,
    "own_losses": 500,
    "enemy_units_killed": 184,
    "shell_hits_on_enemy_guns": 122,
    "shells_fired_at_enemy_guns": 127,
    "dodge_events_enemy": 1322,
    "dodge_events_own": 0,
    "p3_held_unit_ticks_inside_enemy_band": 9564,
    "p3_held_unit_ticks": 1842700,
    "targeted_gun_release_ticks": 43,
    "release_ticks_ge3_guns": 26,
    "release_ticks_ge3_distinct_targets": 10
  },
  {
    "arm": "P3",
    "head": "novice",
    "n": 20,
    "elimination_wins": 0,
    "timeouts": 0,
    "mean_S": -41.25,
    "mean_enemy_guns_destroyed": 0.0,
    "mean_own_gun_losses": 10.0,
    "mean_own_losses": 50.0,
    "shell_hit_rate": 1.0,
    "mean_win_time_s": null,
    "own_losses_per_enemy_kill": 5.714285714285714,
    "enemy_guns_destroyed": 0,
    "own_gun_losses": 200,
    "own_losses": 1000,
    "enemy_units_killed": 175,
    "shell_hits_on_enemy_guns": 5,
    "shells_fired_at_enemy_guns": 5,
    "dodge_events_enemy": 0,
    "dodge_events_own": 0,
    "p3_held_unit_ticks_inside_enemy_band": 19003,
    "p3_held_unit_ticks": 489857,
    "targeted_gun_release_ticks": 5,
    "release_ticks_ge3_guns": 0,
    "release_ticks_ge3_distinct_targets": 0
  }
]
