[s4-fire-efficiency-v1 ed2633f] Diagnose stored S4 gun fire efficiency and splash exchange
 Committer: new <new@MacBook-Pro-new.local>
Your name and email address were configured automatically based
on your username and hostname. Please check that they are accurate.
You can suppress this message by setting them explicitly. Run the
following command and follow the instructions in your editor to edit
your configuration file:

    git config --global --edit

After doing this, you may fix the identity used for this commit with:

    git commit --amend --reset-author

 11 files changed, 861 insertions(+)
 create mode 100644 evidence/tactical_composition_demo/astelia_cpp/S4_FIRE_EFFICIENCY_DIAGNOSTIC.md
 create mode 100644 evidence/tactical_composition_demo/astelia_cpp/s4_fire_efficiency_v1/ANALYSIS.log
 create mode 100644 evidence/tactical_composition_demo/astelia_cpp/s4_fire_efficiency_v1/COMPACT.json
 create mode 100644 evidence/tactical_composition_demo/astelia_cpp/s4_fire_efficiency_v1/GIT_WRITABILITY.json
 create mode 100644 evidence/tactical_composition_demo/astelia_cpp/s4_fire_efficiency_v1/OWNER_RECHECK.md
 create mode 100644 evidence/tactical_composition_demo/astelia_cpp/s4_fire_efficiency_v1/VALIDATION.json
 create mode 100644 evidence/tactical_composition_demo/astelia_cpp/s4_fire_efficiency_v1/VERIFICATION.json
 create mode 100644 evidence/tactical_composition_demo/astelia_cpp/s4_fire_efficiency_v1/analyze.py
 create mode 100644 evidence/tactical_composition_demo/astelia_cpp/s4_fire_efficiency_v1/deliver.py
 create mode 100644 evidence/tactical_composition_demo/astelia_cpp/s4_fire_efficiency_v1/render.py
 create mode 100644 evidence/tactical_composition_demo/astelia_cpp/s4_fire_efficiency_v1/validate.py
