Timeout (0:01:30)!
Thread 0x00000001fa3a6180 (most recent call first):
  File "/Library/Developer/CommandLineTools/Library/Frameworks/Python3.framework/Versions/3.9/lib/python3.9/pathlib.py", line 713 in _from_parsed_parts
  File "/Library/Developer/CommandLineTools/Library/Frameworks/Python3.framework/Versions/3.9/lib/python3.9/pathlib.py", line 730 in _make_child
  File "/Library/Developer/CommandLineTools/Library/Frameworks/Python3.framework/Versions/3.9/lib/python3.9/pathlib.py", line 966 in __truediv__
  File "/Users/new/RiderProjects/ai_RPG_test/evidence/tactical_composition_demo/astelia_cpp/s4_shape_lab_v5/lab.py", line 335 in identity
  File "/Users/new/RiderProjects/ai_RPG_test/evidence/tactical_composition_demo/astelia_cpp/s4_shape_lab_v5b/diagnose_v5.py", line 43 in counted
  File "/Users/new/RiderProjects/ai_RPG_test/evidence/tactical_composition_demo/astelia_cpp/s4_shape_lab_v5/lab.py", line 64 in verified_record
  File "/Users/new/RiderProjects/ai_RPG_test/evidence/tactical_composition_demo/astelia_cpp/s4_shape_lab_v5b/diagnose_v5.py", line 43 in counted
  File "/Users/new/RiderProjects/ai_RPG_test/evidence/tactical_composition_demo/astelia_cpp/s4_shape_lab_v5/lab.py", line 446 in <dictcomp>
  File "/Users/new/RiderProjects/ai_RPG_test/evidence/tactical_composition_demo/astelia_cpp/s4_shape_lab_v5/lab.py", line 446 in records_for
  File "/Users/new/RiderProjects/ai_RPG_test/evidence/tactical_composition_demo/astelia_cpp/s4_shape_lab_v5/report.py", line 36 in stage_data
  File "/Users/new/RiderProjects/ai_RPG_test/evidence/tactical_composition_demo/astelia_cpp/s4_shape_lab_v5/lab.py", line 536 in stage_summary
  File "/Users/new/RiderProjects/ai_RPG_test/evidence/tactical_composition_demo/astelia_cpp/s4_shape_lab_v5b/diagnose_v5.py", line 43 in counted
  File "/Users/new/RiderProjects/ai_RPG_test/evidence/tactical_composition_demo/astelia_cpp/s4_shape_lab_v5/lab.py", line 389 in selected_knobs
  File "/Users/new/RiderProjects/ai_RPG_test/evidence/tactical_composition_demo/astelia_cpp/s4_shape_lab_v5b/diagnose_v5.py", line 43 in counted
  File "/Users/new/RiderProjects/ai_RPG_test/evidence/tactical_composition_demo/astelia_cpp/s4_shape_lab_v5/lab.py", line 556 in ensure_stage
  File "/Users/new/RiderProjects/ai_RPG_test/evidence/tactical_composition_demo/astelia_cpp/s4_shape_lab_v5/lab.py", line 597 in calibrate
  File "/Users/new/RiderProjects/ai_RPG_test/evidence/tactical_composition_demo/astelia_cpp/s4_shape_lab_v5b/diagnose_v5.py", line 51 in main
  File "/Users/new/RiderProjects/ai_RPG_test/evidence/tactical_composition_demo/astelia_cpp/s4_shape_lab_v5b/diagnose_v5.py", line 71 in <module>
