Normal hooks enabled (.githooks); no bypass.
[detached HEAD fceedec] C6 option B: implement selectable inexact math; record adoption resource stop
 29 files changed, 12700 insertions(+), 30 deletions(-)
 create mode 100644 evidence/c6_option_b/ADOPTION_0032_REPORT.md
 create mode 100644 evidence/c6_option_b/adoption_0032/ADOPTION_STATUS.json
 create mode 100644 evidence/c6_option_b/adoption_0032/COMPUTE_START.json
 create mode 100644 evidence/c6_option_b/adoption_0032/DELIVERY_SCOPE.json
 create mode 100644 evidence/c6_option_b/adoption_0032/EXACT_BUILD.json
 create mode 100644 evidence/c6_option_b/adoption_0032/FINAL_RECHECK.md
 create mode 100644 evidence/c6_option_b/adoption_0032/IMPLEMENTATION_RECHECK.md
 create mode 100644 evidence/c6_option_b/adoption_0032/INEXACT_BUILD.json
 create mode 100644 evidence/c6_option_b/adoption_0032/MAIN_GIT_WRITE_ATTEMPT.txt
 create mode 100644 evidence/c6_option_b/adoption_0032/PRESERVATION.json
 create mode 100644 evidence/c6_option_b/adoption_0032/TESTS.json
 create mode 100644 evidence/c6_option_b/adoption_0032/TESTS.stderr.txt
 create mode 100644 evidence/c6_option_b/adoption_0032/TESTS.stdout.txt
 create mode 100644 evidence/c6_option_b/adoption_0032/runs/BUDGET_00.json
 create mode 100644 evidence/c6_option_b/adoption_0032/runs/BUDGET_01.json
 create mode 100644 evidence/c6_option_b/adoption_0032/runs/DIAGNOSTICS.json
 create mode 100644 evidence/c6_option_b/adoption_0032/runs/IDENTITY.json
 create mode 100644 evidence/c6_option_b/adoption_0032/runs/RAW_FILES_LOCAL.json
 create mode 100644 evidence/c6_option_b/adoption_0032/runs/STOP.json
 create mode 100644 tests/test_c6_option_b_adoption.py
 create mode 100644 tools/c6_option_b_adopt.py
 create mode 100644 tools/c6_option_b_adoption_analyze.py
