{
  "expected_40s": {
    "status": "PROJECTION_NOT_MEASUREMENT",
    "fights": 200,
    "orientations": "included equally within 200",
    "guns_cap": 10,
    "public_units_cap": 24,
    "public_threats_cap": 64,
    "duration_seconds": 40,
    "feature_width": 1008,
    "decision_rows": 400000,
    "joint_ticks": 240000,
    "decision_bytes": 1676800000,
    "joint_bytes": 2549760000,
    "with_DAgger_bytes": 5494528000,
    "raw_JSON_record_cap_bytes": 1048576,
    "raw_JSON_with_DAgger_bytes": 327155712000,
    "disk_allowance_bytes": 341365993472,
    "peak_memory_bytes": 536870912,
    "batch_joint_windows": 4,
    "window_ticks": 90,
    "burnin": "reconstruct full prefix no-grad; do not zero random windows",
    "epochs_per_fit": 10,
    "fits_per_arm": 3,
    "data_loader_workers": 0,
    "torch_threads": 4,
    "interop_threads": 1,
    "collector_threads": 1,
    "ES_physical_fights": {
      "candidates_per_arm": 3200,
      "incumbents_per_arm": 200,
      "reporting_all_arms_and_teacher": 800,
      "total_max": 11000
    },
    "CPU_projection": {
      "collection": "200 * measured collection CPU s/fight",
      "DAgger": "60 * measured student+shadow CPU s/fight",
      "fits": "9 * 10 * ceil(training_windows / 4) * measured CPU s/step",
      "export": "3 * measured export CPU s",
      "ES": "10200 * measured CPU s/fight",
      "reporting": "800 * measured CPU s/fight"
    },
    "timing_required": "Separate authorized <=20-fight / <=20-step sample on actual paths before collection/training; no measurements invented",
    "approval_threshold": "Any >3600s wall before22:00 returns owner resource gate; no runtime permission inferred"
  },
  "hard_150s": {
    "status": "PROJECTION_NOT_MEASUREMENT",
    "fights": 200,
    "orientations": "included equally within 200",
    "guns_cap": 10,
    "public_units_cap": 24,
    "public_threats_cap": 64,
    "duration_seconds": 150,
    "feature_width": 1008,
    "decision_rows": 1500000,
    "joint_ticks": 900000,
    "decision_bytes": 6288000000,
    "joint_bytes": 9561600000,
    "with_DAgger_bytes": 20604480000,
    "raw_JSON_record_cap_bytes": 1048576,
    "raw_JSON_with_DAgger_bytes": 1226833920000,
    "disk_allowance_bytes": 1271264105472,
    "peak_memory_bytes": 536870912,
    "batch_joint_windows": 4,
    "window_ticks": 90,
    "burnin": "reconstruct full prefix no-grad; do not zero random windows",
    "epochs_per_fit": 10,
    "fits_per_arm": 3,
    "data_loader_workers": 0,
    "torch_threads": 4,
    "interop_threads": 1,
    "collector_threads": 1,
    "ES_physical_fights": {
      "candidates_per_arm": 3200,
      "incumbents_per_arm": 200,
      "reporting_all_arms_and_teacher": 800,
      "total_max": 11000
    },
    "CPU_projection": {
      "collection": "200 * measured collection CPU s/fight",
      "DAgger": "60 * measured student+shadow CPU s/fight",
      "fits": "9 * 10 * ceil(training_windows / 4) * measured CPU s/step",
      "export": "3 * measured export CPU s",
      "ES": "10200 * measured CPU s/fight",
      "reporting": "800 * measured CPU s/fight"
    },
    "timing_required": "Separate authorized <=20-fight / <=20-step sample on actual paths before collection/training; no measurements invented",
    "approval_threshold": "Any >3600s wall before22:00 returns owner resource gate; no runtime permission inferred"
  },
  "collection_authorized": false,
  "training_authorized": false,
  "fights_executed": 0
}
