2026-10-06 23:24:04 start exact smoke 1 load { 27.15 47.39 38.48 }
2026-10-06 23:25:50 end exact smoke 1 rc 0 load { 35.17 44.03 38.17 }
2026-10-06 23:25:50 start exact development 2 load { 35.17 44.03 38.17 }
2026-10-06 23:28:00 end exact development 2 rc 0 load { 46.68 45.47 39.54 }
2026-10-06 23:28:00 start inexact development 2 load { 46.68 45.47 39.54 }
2026-10-06 23:29:46 end inexact development 2 rc 0 load { 55.05 48.10 41.20 }
2026-10-06 23:29:46 start exact development 3 load { 55.05 48.10 41.20 }
2026-10-06 23:31:21 end exact development 3 rc 0 load { 57.55 50.52 42.84 }
2026-10-06 23:31:21 start inexact development 3 load { 57.55 50.52 42.84 }
2026-10-06 23:32:33 end inexact development 3 rc 0 load { 50.44 50.65 43.58 }
2026-10-06 23:32:33 start exact development 4 load { 50.44 50.65 43.58 }
2026-10-06 23:34:15 end exact development 4 rc 0 load { 38.73 47.04 42.99 }
2026-10-06 23:34:15 start inexact development 4 load { 38.73 47.04 42.99 }
2026-10-06 23:35:34 end inexact development 4 rc 0 load { 45.35 47.22 43.42 }
2026-10-06 23:35:34 start exact development 5 load { 45.35 47.22 43.42 }
2026-10-06 23:37:33 end exact development 5 rc 0 load { 64.37 53.62 46.44 }
2026-10-06 23:37:33 start inexact development 5 load { 64.37 53.62 46.44 }
2026-10-06 23:38:53 end inexact development 5 rc 0 load { 49.69 50.78 45.93 }
2026-10-06 23:38:53 start exact development 6 load { 51.08 51.05 46.06 }
2026-10-06 23:38:59 end exact development 6 rc 0 load { 51.39 51.12 46.11 }
2026-10-06 23:38:59 start inexact development 6 load { 51.39 51.12 46.11 }
2026-10-06 23:39:05 end inexact development 6 rc 0 load { 51.76 51.20 46.17 }
2026-10-06 23:39:05 start exact development 7 load { 51.76 51.20 46.17 }
2026-10-06 23:41:08 end exact development 7 rc 0 load { 75.84 63.35 51.85 }
2026-10-06 23:41:08 start inexact development 7 load { 75.84 63.35 51.85 }
2026-10-06 23:42:54 end inexact development 7 rc 0 load { 64.55 63.25 53.14 }
2026-10-06 23:42:54 start inexact smoke 0 load { 64.55 63.25 53.14 }
2026-10-06 23:45:47 end inexact smoke 0 rc 0 load { 37.10 54.89 51.77 }
2026-10-06 23:45:47 start inexact smoke 1 load { 37.10 54.89 51.77 }
2026-10-06 23:46:56 end inexact smoke 1 rc 0 load { 33.78 50.19 50.24 }
2026-10-06 23:46:56 start inexact development 0 load { 33.78 50.19 50.24 }
2026-10-06 23:48:28 end inexact development 0 rc 0 load { 31.72 46.20 48.75 }
2026-10-06 23:48:28 start inexact development 1 load { 31.72 46.20 48.75 }
2026-10-06 23:50:30 end inexact development 1 rc 0 load { 79.63 56.02 52.02 }
2026-10-06 23:50:30 QUEUE DONE
