[v6-attempt2 e45e561] Run and review fresh 0g v6 A/B development attempt 2
 Committer: new <new@MacBook-Pro-new.local>
Your name and email address were configured automatically based
on your username and hostname. Please check that they are accurate.
You can suppress this message by setting them explicitly. Run the
following command and follow the instructions in your editor to edit
your configuration file:

    git config --global --edit

After doing this, you may fix the identity used for this commit with:

    git commit --amend --reset-author

 32 files changed, 7552 insertions(+)
 create mode 100644 evidence/tactical_composition_demo/astelia_cpp/S4_V6_ATTEMPT2_SEEDS.json
 create mode 100644 evidence/tactical_composition_demo/astelia_cpp/S4_V6_DEVELOPMENT_REPORT_ATTEMPT2.md
 create mode 100644 evidence/tactical_composition_demo/astelia_cpp/s4_v6_attempt2.py
 create mode 100644 evidence/tactical_composition_demo/astelia_cpp/s4_v6_attempt2_checks/CACHE_SMOKE.json
 create mode 100644 evidence/tactical_composition_demo/astelia_cpp/s4_v6_attempt2_checks/CACHE_SMOKE_RECIPE.md
 create mode 100644 evidence/tactical_composition_demo/astelia_cpp/s4_v6_attempt2_checks/CLAUDE_REVIEW_AVAILABILITY.json
 create mode 100644 evidence/tactical_composition_demo/astelia_cpp/s4_v6_attempt2_checks/DELIVERY_NOTE.md
 create mode 100644 evidence/tactical_composition_demo/astelia_cpp/s4_v6_attempt2_checks/GIT_WRITABILITY.json
 create mode 100644 evidence/tactical_composition_demo/astelia_cpp/s4_v6_attempt2_checks/LAUNCH.json
 create mode 100644 evidence/tactical_composition_demo/astelia_cpp/s4_v6_attempt2_checks/LEDGER_USED.json
 create mode 100644 evidence/tactical_composition_demo/astelia_cpp/s4_v6_attempt2_checks/LOAD_SUMMARY.json
 create mode 100644 evidence/tactical_composition_demo/astelia_cpp/s4_v6_attempt2_checks/OWNER_RECHECK.md
 create mode 100644 evidence/tactical_composition_demo/astelia_cpp/s4_v6_attempt2_checks/PART1_DELIVERY.json
 create mode 100644 evidence/tactical_composition_demo/astelia_cpp/s4_v6_attempt2_checks/PRESERVATION_AFTER.json
 create mode 100644 evidence/tactical_composition_demo/astelia_cpp/s4_v6_attempt2_checks/PRESERVATION_BEFORE.json
 create mode 100644 evidence/tactical_composition_demo/astelia_cpp/s4_v6_attempt2_checks/RAW_FILES_LOCAL.json
 create mode 100644 evidence/tactical_composition_demo/astelia_cpp/s4_v6_attempt2_checks/REPORT_AUDIT.json
 create mode 100644 evidence/tactical_composition_demo/astelia_cpp/s4_v6_attempt2_checks/REPORT_IDENTITY.json
 create mode 100644 evidence/tactical_composition_demo/astelia_cpp/s4_v6_attempt2_checks/REVIEW_STORED_AUDIT.json
 create mode 100644 evidence/tactical_composition_demo/astelia_cpp/s4_v6_attempt2_checks/REVIEW_STORED_AUDIT.py
 create mode 100644 evidence/tactical_composition_demo/astelia_cpp/s4_v6_attempt2_checks/SUPERVISOR_TIMING.json
 create mode 100644 evidence/tactical_composition_demo/astelia_cpp/s4_v6_attempt2_checks/SYNTAX_ATTEMPT_FAILURE.json
 create mode 100644 evidence/tactical_composition_demo/astelia_cpp/s4_v6_attempt2_checks/SYNTAX_CHECK.json
 create mode 100644 evidence/tactical_composition_demo/astelia_cpp/s4_v6_attempt2_delivery.py
 create mode 100644 evidence/tactical_composition_demo/astelia_cpp/s4_v6_attempt2_report.py
 create mode 100644 evidence/tactical_composition_demo/astelia_cpp/s4_v6_attempt2_supervisor.py
 create mode 100644 evidence/tactical_composition_demo/astelia_cpp/s4_v6_development_20261007_025024/A_best.json
 create mode 100644 evidence/tactical_composition_demo/astelia_cpp/s4_v6_development_20261007_025024/B_best.json
 create mode 100644 evidence/tactical_composition_demo/astelia_cpp/s4_v6_development_20261007_025024/RUN_TIMING.json
 create mode 100644 evidence/tactical_composition_demo/astelia_cpp/s4_v6_development_20261007_025024/run_identity.json
 create mode 100644 evidence/tactical_composition_demo/astelia_cpp/s4_v6_development_20261007_025024/selected_omega.json
 create mode 100644 evidence/tactical_composition_demo/astelia_cpp/s4_v6_development_20261007_025024/summary.json
