Expected about 65 minutes, 10 workers; A/B only, 60,996 maximum evaluations; absolute 360-minute allowance. No code edits during execution.
A resonator generation 1/16, selection={'novice_mean': 2.289473684210526, 'regular_mean': None, 'eligible': None, 'rank': (2.289473684210526,), 'objective': -2.289473684210526}, accounted=646
A resonator generation 2/16, selection={'novice_mean': 2.763157894736842, 'regular_mean': None, 'eligible': None, 'rank': (2.763157894736842,), 'objective': -2.763157894736842}, accounted=1254
A resonator generation 3/16, selection={'novice_mean': 3.710526315789474, 'regular_mean': None, 'eligible': None, 'rank': (3.710526315789474,), 'objective': -3.710526315789474}, accounted=1862
A resonator generation 4/16, selection={'novice_mean': 4.078947368421052, 'regular_mean': None, 'eligible': None, 'rank': (4.078947368421052,), 'objective': -4.078947368421052}, accounted=2470
A resonator generation 5/16, selection={'novice_mean': 4.078947368421052, 'regular_mean': None, 'eligible': None, 'rank': (4.078947368421052,), 'objective': -4.078947368421052}, accounted=3078
A resonator generation 6/16, selection={'novice_mean': 4.473684210526316, 'regular_mean': None, 'eligible': None, 'rank': (4.473684210526316,), 'objective': -4.473684210526316}, accounted=3686
A resonator generation 7/16, selection={'novice_mean': 4.473684210526316, 'regular_mean': None, 'eligible': None, 'rank': (4.473684210526316,), 'objective': -4.473684210526316}, accounted=4294
A resonator generation 8/16, selection={'novice_mean': 4.473684210526316, 'regular_mean': None, 'eligible': None, 'rank': (4.473684210526316,), 'objective': -4.473684210526316}, accounted=4902
A resonator generation 9/16, selection={'novice_mean': 4.473684210526316, 'regular_mean': None, 'eligible': None, 'rank': (4.473684210526316,), 'objective': -4.473684210526316}, accounted=5510
A resonator generation 10/16, selection={'novice_mean': 4.473684210526316, 'regular_mean': None, 'eligible': None, 'rank': (4.473684210526316,), 'objective': -4.473684210526316}, accounted=6118
A resonator generation 11/16, selection={'novice_mean': 4.473684210526316, 'regular_mean': None, 'eligible': None, 'rank': (4.473684210526316,), 'objective': -4.473684210526316}, accounted=6726
A resonator generation 12/16, selection={'novice_mean': 4.473684210526316, 'regular_mean': None, 'eligible': None, 'rank': (4.473684210526316,), 'objective': -4.473684210526316}, accounted=7334
A resonator generation 13/16, selection={'novice_mean': 4.473684210526316, 'regular_mean': None, 'eligible': None, 'rank': (4.473684210526316,), 'objective': -4.473684210526316}, accounted=7942
A resonator generation 14/16, selection={'novice_mean': 4.473684210526316, 'regular_mean': None, 'eligible': None, 'rank': (4.473684210526316,), 'objective': -4.473684210526316}, accounted=8550
A resonator generation 15/16, selection={'novice_mean': 4.473684210526316, 'regular_mean': None, 'eligible': None, 'rank': (4.473684210526316,), 'objective': -4.473684210526316}, accounted=9158
A resonator generation 16/16, selection={'novice_mean': 4.473684210526316, 'regular_mean': None, 'eligible': None, 'rank': (4.473684210526316,), 'objective': -4.473684210526316}, accounted=9766
A morale generation 1/16, selection={'novice_mean': 1.3157894736842106, 'regular_mean': None, 'eligible': None, 'rank': (1.3157894736842106,), 'objective': -1.3157894736842106}, accounted=646
A morale generation 2/16, selection={'novice_mean': 1.631578947368421, 'regular_mean': None, 'eligible': None, 'rank': (1.631578947368421,), 'objective': -1.631578947368421}, accounted=1254
A morale generation 3/16, selection={'novice_mean': 1.9473684210526316, 'regular_mean': None, 'eligible': None, 'rank': (1.9473684210526316,), 'objective': -1.9473684210526316}, accounted=1862
A morale generation 4/16, selection={'novice_mean': 1.9473684210526316, 'regular_mean': None, 'eligible': None, 'rank': (1.9473684210526316,), 'objective': -1.9473684210526316}, accounted=2470
A morale generation 5/16, selection={'novice_mean': 2.0, 'regular_mean': None, 'eligible': None, 'rank': (2.0,), 'objective': -2.0}, accounted=3078
A morale generation 6/16, selection={'novice_mean': 2.0, 'regular_mean': None, 'eligible': None, 'rank': (2.0,), 'objective': -2.0}, accounted=3686
A morale generation 7/16, selection={'novice_mean': 2.6315789473684212, 'regular_mean': None, 'eligible': None, 'rank': (2.6315789473684212,), 'objective': -2.6315789473684212}, accounted=4294
A morale generation 8/16, selection={'novice_mean': 2.6315789473684212, 'regular_mean': None, 'eligible': None, 'rank': (2.6315789473684212,), 'objective': -2.6315789473684212}, accounted=4902
A morale generation 9/16, selection={'novice_mean': 2.6315789473684212, 'regular_mean': None, 'eligible': None, 'rank': (2.6315789473684212,), 'objective': -2.6315789473684212}, accounted=5510
A morale generation 10/16, selection={'novice_mean': 2.6315789473684212, 'regular_mean': None, 'eligible': None, 'rank': (2.6315789473684212,), 'objective': -2.6315789473684212}, accounted=6118
A morale generation 11/16, selection={'novice_mean': 2.6315789473684212, 'regular_mean': None, 'eligible': None, 'rank': (2.6315789473684212,), 'objective': -2.6315789473684212}, accounted=6726
A morale generation 12/16, selection={'novice_mean': 2.6315789473684212, 'regular_mean': None, 'eligible': None, 'rank': (2.6315789473684212,), 'objective': -2.6315789473684212}, accounted=7334
A morale generation 13/16, selection={'novice_mean': 2.6315789473684212, 'regular_mean': None, 'eligible': None, 'rank': (2.6315789473684212,), 'objective': -2.6315789473684212}, accounted=7942
A morale generation 14/16, selection={'novice_mean': 2.6315789473684212, 'regular_mean': None, 'eligible': None, 'rank': (2.6315789473684212,), 'objective': -2.6315789473684212}, accounted=8550
A morale generation 15/16, selection={'novice_mean': 2.6315789473684212, 'regular_mean': None, 'eligible': None, 'rank': (2.6315789473684212,), 'objective': -2.6315789473684212}, accounted=9158
A morale generation 16/16, selection={'novice_mean': 2.6315789473684212, 'regular_mean': None, 'eligible': None, 'rank': (2.6315789473684212,), 'objective': -2.6315789473684212}, accounted=9766
A pushpull generation 1/16, selection={'novice_mean': -2.526315789473684, 'regular_mean': None, 'eligible': None, 'rank': (-2.526315789473684,), 'objective': 2.526315789473684}, accounted=646
A pushpull generation 2/16, selection={'novice_mean': -2.473684210526316, 'regular_mean': None, 'eligible': None, 'rank': (-2.473684210526316,), 'objective': 2.473684210526316}, accounted=1254
A pushpull generation 3/16, selection={'novice_mean': -1.868421052631579, 'regular_mean': None, 'eligible': None, 'rank': (-1.868421052631579,), 'objective': 1.868421052631579}, accounted=1862
A pushpull generation 4/16, selection={'novice_mean': -1.868421052631579, 'regular_mean': None, 'eligible': None, 'rank': (-1.868421052631579,), 'objective': 1.868421052631579}, accounted=2470
A pushpull generation 5/16, selection={'novice_mean': -1.868421052631579, 'regular_mean': None, 'eligible': None, 'rank': (-1.868421052631579,), 'objective': 1.868421052631579}, accounted=3078
A pushpull generation 6/16, selection={'novice_mean': -1.868421052631579, 'regular_mean': None, 'eligible': None, 'rank': (-1.868421052631579,), 'objective': 1.868421052631579}, accounted=3686
A pushpull generation 7/16, selection={'novice_mean': -1.868421052631579, 'regular_mean': None, 'eligible': None, 'rank': (-1.868421052631579,), 'objective': 1.868421052631579}, accounted=4294
A pushpull generation 8/16, selection={'novice_mean': -1.868421052631579, 'regular_mean': None, 'eligible': None, 'rank': (-1.868421052631579,), 'objective': 1.868421052631579}, accounted=4902
A pushpull generation 9/16, selection={'novice_mean': -1.868421052631579, 'regular_mean': None, 'eligible': None, 'rank': (-1.868421052631579,), 'objective': 1.868421052631579}, accounted=5510
A pushpull generation 10/16, selection={'novice_mean': -1.8421052631578947, 'regular_mean': None, 'eligible': None, 'rank': (-1.8421052631578947,), 'objective': 1.8421052631578947}, accounted=6118
A pushpull generation 11/16, selection={'novice_mean': -1.6842105263157894, 'regular_mean': None, 'eligible': None, 'rank': (-1.6842105263157894,), 'objective': 1.6842105263157894}, accounted=6726
A pushpull generation 12/16, selection={'novice_mean': -1.6842105263157894, 'regular_mean': None, 'eligible': None, 'rank': (-1.6842105263157894,), 'objective': 1.6842105263157894}, accounted=7334
A pushpull generation 13/16, selection={'novice_mean': -1.6842105263157894, 'regular_mean': None, 'eligible': None, 'rank': (-1.6842105263157894,), 'objective': 1.6842105263157894}, accounted=7942
A pushpull generation 14/16, selection={'novice_mean': -1.6842105263157894, 'regular_mean': None, 'eligible': None, 'rank': (-1.6842105263157894,), 'objective': 1.6842105263157894}, accounted=8550
A pushpull generation 15/16, selection={'novice_mean': -1.6842105263157894, 'regular_mean': None, 'eligible': None, 'rank': (-1.6842105263157894,), 'objective': 1.6842105263157894}, accounted=9158
A pushpull generation 16/16, selection={'novice_mean': -1.6842105263157894, 'regular_mean': None, 'eligible': None, 'rank': (-1.6842105263157894,), 'objective': 1.6842105263157894}, accounted=9766
B resonator generation 1/16, selection={'novice_mean': 2.25, 'regular_mean': -8.5, 'eligible': True, 'rank': (1, -8.5), 'objective': 8.5}, accounted=10412
B resonator generation 2/16, selection={'novice_mean': 13.9, 'regular_mean': 1.7222222222222223, 'eligible': True, 'rank': (1, 1.7222222222222223), 'objective': -1.7222222222222223}, accounted=11020
B resonator generation 3/16, selection={'novice_mean': 12.8, 'regular_mean': 7.0, 'eligible': True, 'rank': (1, 7.0), 'objective': -7.0}, accounted=11628
B resonator generation 4/16, selection={'novice_mean': 12.8, 'regular_mean': 7.0, 'eligible': True, 'rank': (1, 7.0), 'objective': -7.0}, accounted=12236
B resonator generation 5/16, selection={'novice_mean': 9.7, 'regular_mean': 7.111111111111111, 'eligible': True, 'rank': (1, 7.111111111111111), 'objective': -7.111111111111111}, accounted=12844
B resonator generation 6/16, selection={'novice_mean': 10.2, 'regular_mean': 9.722222222222221, 'eligible': True, 'rank': (1, 9.722222222222221), 'objective': -9.722222222222221}, accounted=13452
B resonator generation 7/16, selection={'novice_mean': 10.2, 'regular_mean': 9.722222222222221, 'eligible': True, 'rank': (1, 9.722222222222221), 'objective': -9.722222222222221}, accounted=14060
B resonator generation 8/16, selection={'novice_mean': 10.2, 'regular_mean': 9.722222222222221, 'eligible': True, 'rank': (1, 9.722222222222221), 'objective': -9.722222222222221}, accounted=14668
B resonator generation 9/16, selection={'novice_mean': 10.2, 'regular_mean': 9.722222222222221, 'eligible': True, 'rank': (1, 9.722222222222221), 'objective': -9.722222222222221}, accounted=15276
B resonator generation 10/16, selection={'novice_mean': 4.95, 'regular_mean': 12.61111111111111, 'eligible': True, 'rank': (1, 12.61111111111111), 'objective': -12.61111111111111}, accounted=15884
B resonator generation 11/16, selection={'novice_mean': 4.95, 'regular_mean': 12.61111111111111, 'eligible': True, 'rank': (1, 12.61111111111111), 'objective': -12.61111111111111}, accounted=16492
B resonator generation 12/16, selection={'novice_mean': 4.95, 'regular_mean': 12.61111111111111, 'eligible': True, 'rank': (1, 12.61111111111111), 'objective': -12.61111111111111}, accounted=17100
B resonator generation 13/16, selection={'novice_mean': 4.95, 'regular_mean': 12.61111111111111, 'eligible': True, 'rank': (1, 12.61111111111111), 'objective': -12.61111111111111}, accounted=17708
B resonator generation 14/16, selection={'novice_mean': 4.95, 'regular_mean': 12.61111111111111, 'eligible': True, 'rank': (1, 12.61111111111111), 'objective': -12.61111111111111}, accounted=18316
B resonator generation 15/16, selection={'novice_mean': 4.95, 'regular_mean': 12.61111111111111, 'eligible': True, 'rank': (1, 12.61111111111111), 'objective': -12.61111111111111}, accounted=18924
B resonator generation 16/16, selection={'novice_mean': 4.95, 'regular_mean': 12.61111111111111, 'eligible': True, 'rank': (1, 12.61111111111111), 'objective': -12.61111111111111}, accounted=19532
B morale generation 1/16, selection={'novice_mean': 2.65, 'regular_mean': -32.388888888888886, 'eligible': True, 'rank': (1, -32.388888888888886), 'objective': 32.388888888888886}, accounted=10412
B morale generation 2/16, selection={'novice_mean': 8.45, 'regular_mean': -23.88888888888889, 'eligible': True, 'rank': (1, -23.88888888888889), 'objective': 23.88888888888889}, accounted=11020
B morale generation 3/16, selection={'novice_mean': 8.45, 'regular_mean': -23.88888888888889, 'eligible': True, 'rank': (1, -23.88888888888889), 'objective': 23.88888888888889}, accounted=11628
B morale generation 4/16, selection={'novice_mean': 9.25, 'regular_mean': -2.7777777777777777, 'eligible': True, 'rank': (1, -2.7777777777777777), 'objective': 2.7777777777777777}, accounted=12236
B morale generation 5/16, selection={'novice_mean': 9.25, 'regular_mean': -2.7777777777777777, 'eligible': True, 'rank': (1, -2.7777777777777777), 'objective': 2.7777777777777777}, accounted=12844
B morale generation 6/16, selection={'novice_mean': 9.25, 'regular_mean': -2.7777777777777777, 'eligible': True, 'rank': (1, -2.7777777777777777), 'objective': 2.7777777777777777}, accounted=13452
B morale generation 7/16, selection={'novice_mean': 6.3, 'regular_mean': 3.111111111111111, 'eligible': True, 'rank': (1, 3.111111111111111), 'objective': -3.111111111111111}, accounted=14060
B morale generation 8/16, selection={'novice_mean': 6.3, 'regular_mean': 3.111111111111111, 'eligible': True, 'rank': (1, 3.111111111111111), 'objective': -3.111111111111111}, accounted=14668
B morale generation 9/16, selection={'novice_mean': 8.85, 'regular_mean': 6.111111111111111, 'eligible': True, 'rank': (1, 6.111111111111111), 'objective': -6.111111111111111}, accounted=15276
B morale generation 10/16, selection={'novice_mean': 25.9, 'regular_mean': 9.722222222222221, 'eligible': True, 'rank': (1, 9.722222222222221), 'objective': -9.722222222222221}, accounted=15884
B morale generation 11/16, selection={'novice_mean': 29.75, 'regular_mean': 10.444444444444445, 'eligible': True, 'rank': (1, 10.444444444444445), 'objective': -10.444444444444445}, accounted=16492
B morale generation 12/16, selection={'novice_mean': 29.75, 'regular_mean': 10.444444444444445, 'eligible': True, 'rank': (1, 10.444444444444445), 'objective': -10.444444444444445}, accounted=17100
B morale generation 13/16, selection={'novice_mean': 29.75, 'regular_mean': 10.444444444444445, 'eligible': True, 'rank': (1, 10.444444444444445), 'objective': -10.444444444444445}, accounted=17708
B morale generation 14/16, selection={'novice_mean': 29.75, 'regular_mean': 10.444444444444445, 'eligible': True, 'rank': (1, 10.444444444444445), 'objective': -10.444444444444445}, accounted=18316
B morale generation 15/16, selection={'novice_mean': 29.75, 'regular_mean': 10.444444444444445, 'eligible': True, 'rank': (1, 10.444444444444445), 'objective': -10.444444444444445}, accounted=18924
B morale generation 16/16, selection={'novice_mean': 21.15, 'regular_mean': 10.61111111111111, 'eligible': True, 'rank': (1, 10.61111111111111), 'objective': -10.61111111111111}, accounted=19532
B pushpull generation 1/16, selection={'novice_mean': -16.2, 'regular_mean': -31.11111111111111, 'eligible': False, 'rank': (0, -31.11111111111111), 'objective': 132.11111111111111}, accounted=10412
B pushpull generation 2/16, selection={'novice_mean': -11.5, 'regular_mean': -21.38888888888889, 'eligible': False, 'rank': (0, -21.38888888888889), 'objective': 122.38888888888889}, accounted=11020
B pushpull generation 3/16, selection={'novice_mean': -8.45, 'regular_mean': -16.944444444444443, 'eligible': False, 'rank': (0, -16.944444444444443), 'objective': 117.94444444444444}, accounted=11628
B pushpull generation 4/16, selection={'novice_mean': -8.15, 'regular_mean': -15.5, 'eligible': False, 'rank': (0, -15.5), 'objective': 116.5}, accounted=12236
B pushpull generation 5/16, selection={'novice_mean': -7.8, 'regular_mean': -12.444444444444445, 'eligible': False, 'rank': (0, -12.444444444444445), 'objective': 113.44444444444444}, accounted=12844
B pushpull generation 6/16, selection={'novice_mean': -6.9, 'regular_mean': -12.11111111111111, 'eligible': False, 'rank': (0, -12.11111111111111), 'objective': 113.11111111111111}, accounted=13452
B pushpull generation 7/16, selection={'novice_mean': -6.9, 'regular_mean': -12.11111111111111, 'eligible': False, 'rank': (0, -12.11111111111111), 'objective': 113.11111111111111}, accounted=14060
B pushpull generation 8/16, selection={'novice_mean': -8.05, 'regular_mean': -11.055555555555555, 'eligible': False, 'rank': (0, -11.055555555555555), 'objective': 112.05555555555556}, accounted=14668
B pushpull generation 9/16, selection={'novice_mean': -8.05, 'regular_mean': -11.055555555555555, 'eligible': False, 'rank': (0, -11.055555555555555), 'objective': 112.05555555555556}, accounted=15276
B pushpull generation 10/16, selection={'novice_mean': -8.05, 'regular_mean': -11.055555555555555, 'eligible': False, 'rank': (0, -11.055555555555555), 'objective': 112.05555555555556}, accounted=15884
B pushpull generation 11/16, selection={'novice_mean': -6.4, 'regular_mean': -10.5, 'eligible': False, 'rank': (0, -10.5), 'objective': 111.5}, accounted=16492
B pushpull generation 12/16, selection={'novice_mean': -6.4, 'regular_mean': -10.5, 'eligible': False, 'rank': (0, -10.5), 'objective': 111.5}, accounted=17100
B pushpull generation 13/16, selection={'novice_mean': -6.4, 'regular_mean': -10.5, 'eligible': False, 'rank': (0, -10.5), 'objective': 111.5}, accounted=17708
B pushpull generation 14/16, selection={'novice_mean': -6.4, 'regular_mean': -10.5, 'eligible': False, 'rank': (0, -10.5), 'objective': 111.5}, accounted=18316
B pushpull generation 15/16, selection={'novice_mean': -6.4, 'regular_mean': -10.5, 'eligible': False, 'rank': (0, -10.5), 'objective': 111.5}, accounted=18924
B pushpull generation 16/16, selection={'novice_mean': -6.4, 'regular_mean': -10.5, 'eligible': False, 'rank': (0, -10.5), 'objective': 111.5}, accounted=19532
READY_TO_DRAFT_S5
